Archive member included to satisfy reference by file (symbol)

C:\Users\User\Documents\AI\Codice_AI_LITE\Middlewares\ST\AI\Lib\libNetworkRuntime910_CM4_IAR.a(ai_platform.o)
                              ./Core/Src/modellite.o (ai_buffer_array_item_set_address)
C:\Users\User\Documents\AI\Codice_AI_LITE\Middlewares\ST\AI\Lib\libNetworkRuntime910_CM4_IAR.a(ai_platform_interface.o)
                              ./Core/Src/modellite.o (ai_platform_api_get_network_report)
C:\Users\User\Documents\AI\Codice_AI_LITE\Middlewares\ST\AI\Lib\libNetworkRuntime910_CM4_IAR.a(core_common.o)
                              C:\Users\User\Documents\AI\Codice_AI_LITE\Middlewares\ST\AI\Lib\libNetworkRuntime910_CM4_IAR.a(ai_platform_interface.o) (core_get_error)
C:\Users\User\Documents\AI\Codice_AI_LITE\Middlewares\ST\AI\Lib\libNetworkRuntime910_CM4_IAR.a(core_mem_manager.o)
                              C:\Users\User\Documents\AI\Codice_AI_LITE\Middlewares\ST\AI\Lib\libNetworkRuntime910_CM4_IAR.a(ai_platform_interface.o) (core_mem_alloc)
C:\Users\User\Documents\AI\Codice_AI_LITE\Middlewares\ST\AI\Lib\libNetworkRuntime910_CM4_IAR.a(layers.o)
                              C:\Users\User\Documents\AI\Codice_AI_LITE\Middlewares\ST\AI\Lib\libNetworkRuntime910_CM4_IAR.a(ai_platform_interface.o) (ai_check_custom_types)
C:\Users\User\Documents\AI\Codice_AI_LITE\Middlewares\ST\AI\Lib\libNetworkRuntime910_CM4_IAR.a(layers_conv2d_generic_float.o)
                              ./Core/Src/modellite.o (forward_dense)
C:\Users\User\Documents\AI\Codice_AI_LITE\Middlewares\ST\AI\Lib\libNetworkRuntime910_CM4_IAR.a(layers_nl_generic_float.o)
                              ./Core/Src/modellite.o (forward_relu)
C:\Users\User\Documents\AI\Codice_AI_LITE\Middlewares\ST\AI\Lib\libNetworkRuntime910_CM4_IAR.a(layers_conv2d_integer_scratch.o)
                              C:\Users\User\Documents\AI\Codice_AI_LITE\Middlewares\ST\AI\Lib\libNetworkRuntime910_CM4_IAR.a(layers.o) (get_conv2d_scratch_size)
C:\Users\User\Documents\AI\Codice_AI_LITE\Middlewares\ST\AI\Lib\libNetworkRuntime910_CM4_IAR.a(forward_lite_conv2d_if32of32wf32.o)
                              C:\Users\User\Documents\AI\Codice_AI_LITE\Middlewares\ST\AI\Lib\libNetworkRuntime910_CM4_IAR.a(layers_conv2d_generic_float.o) (forward_lite_conv2d_if32of32wf32)
C:\Users\User\Documents\AI\Codice_AI_LITE\Middlewares\ST\AI\Lib\libNetworkRuntime910_CM4_IAR.a(lite_nl_softmax_if32of32.o)
                              C:\Users\User\Documents\AI\Codice_AI_LITE\Middlewares\ST\AI\Lib\libNetworkRuntime910_CM4_IAR.a(layers_nl_generic_float.o) (forward_lite_nl_softmax_if32of32_kernel)
C:\Users\User\Documents\AI\Codice_AI_LITE\Middlewares\ST\AI\Lib\libNetworkRuntime910_CM4_IAR.a(lite_nl_relu_if32of32.o)
                              C:\Users\User\Documents\AI\Codice_AI_LITE\Middlewares\ST\AI\Lib\libNetworkRuntime910_CM4_IAR.a(layers_nl_generic_float.o) (forward_lite_nl_prelu_if32of32_kernel)
C:\Users\User\Documents\AI\Codice_AI_LITE\Middlewares\ST\AI\Lib\libNetworkRuntime910_CM4_IAR.a(lite_dense_if32.o)
                              C:\Users\User\Documents\AI\Codice_AI_LITE\Middlewares\ST\AI\Lib\libNetworkRuntime910_CM4_IAR.a(layers_conv2d_generic_float.o) (forward_lite_dense_if32of32wf32)
C:\Users\User\Documents\AI\Codice_AI_LITE\Middlewares\ST\AI\Lib\libNetworkRuntime910_CM4_IAR.a(ai_math_helpers.o)
                              C:\Users\User\Documents\AI\Codice_AI_LITE\Middlewares\ST\AI\Lib\libNetworkRuntime910_CM4_IAR.a(layers_nl_generic_float.o) (ai_math_erfinv)
C:\Users\User\Documents\AI\Codice_AI_LITE\Middlewares\ST\AI\Lib\libNetworkRuntime910_CM4_IAR.a(st_align_factor.o)
                              C:\Users\User\Documents\AI\Codice_AI_LITE\Middlewares\ST\AI\Lib\libNetworkRuntime910_CM4_IAR.a(ai_math_helpers.o) (align_factor)
C:\Users\User\Documents\AI\Codice_AI_LITE\Middlewares\ST\AI\Lib\libNetworkRuntime910_CM4_IAR.a(st_int8_fill.o)
                              C:\Users\User\Documents\AI\Codice_AI_LITE\Middlewares\ST\AI\Lib\libNetworkRuntime910_CM4_IAR.a(ai_platform_interface.o) (st_int8_copy)
C:\Users\User\Documents\AI\Codice_AI_LITE\Middlewares\ST\AI\Lib\libNetworkRuntime910_CM4_IAR.a(ai_datatypes_format.o)
                              C:\Users\User\Documents\AI\Codice_AI_LITE\Middlewares\ST\AI\Lib\libNetworkRuntime910_CM4_IAR.a(layers_conv2d_generic_float.o) (ai_array_get_byte_size)
C:\Users\User\Documents\AI\Codice_AI_LITE\Middlewares\ST\AI\Lib\libNetworkRuntime910_CM4_IAR.a(ai_datatypes_internal.o)
                              C:\Users\User\Documents\AI\Codice_AI_LITE\Middlewares\ST\AI\Lib\libNetworkRuntime910_CM4_IAR.a(ai_platform_interface.o) (ai_platform_version_get)
C:\Users\User\Documents\AI\Codice_AI_LITE\Middlewares\ST\AI\Lib\libNetworkRuntime910_CM4_IAR.a(ai_math_elementwise_mul_int8.o)
[...]
Memory Configuration

Name             Origin             Length             Attributes
RAM              0x20000000         0x00018000         xrw
FLASH            0x08000000         0x00080000         xr
*default*        0x00000000         0xffffffff

Linker script and memory map

LOAD C:/ST/STM32CubeIDE_1.14.1/STM32CubeIDE/plugins/com.st.stm32cube.ide.mcu.externaltools.gnu-tools-for-stm32.12.3.rel1.win32_1.0.200.202406191623/tools/bin/../lib/gcc/arm-none-eabi/12.3.1/thumb/v7e-m+fp/hard/crti.o
LOAD C:/ST/STM32CubeIDE_1.14.1/STM32CubeIDE/plugins/com.st.stm32cube.ide.mcu.externaltools.gnu-tools-for-stm32.12.3.rel1.win32_1.0.200.202406191623/tools/bin/../lib/gcc/arm-none-eabi/12.3.1/thumb/v7e-m+fp/hard/crtbegin.o
LOAD C:/ST/STM32CubeIDE_1.14.1/STM32CubeIDE/plugins/com.st.stm32cube.ide.mcu.externaltools.gnu-tools-for-stm32.12.3.rel1.win32_1.0.200.202406191623/tools/bin/../lib/gcc/arm-none-eabi/12.3.1/../../../../arm-none-eabi/lib/thumb/v7e-m+fp/hard/crt0.o
LOAD ./Core/Src/cJSON.o
LOAD ./Core/Src/cJSON_Utils.o
LOAD ./Core/Src/main.o
LOAD ./Core/Src/modellite.o
LOAD ./Core/Src/modellite_data.o
LOAD ./Core/Src/modellite_data_params.o
LOAD ./Core/Src/stm32f4xx_hal_msp.o
LOAD ./Core/Src/stm32f4xx_it.o
LOAD ./Core/Src/syscalls.o
LOAD ./Core/Src/sysmem.o
LOAD ./Core/Src/system_stm32f4xx.o
LOAD ./Core/Startup/startup_stm32f401retx.o
LOAD ./Drivers/STM32F4xx_HAL_Driver/Src/stm32f4xx_hal.o
LOAD ./Drivers/STM32F4xx_HAL_Driver/Src/stm32f4xx_hal_cortex.o
LOAD ./Drivers/STM32F4xx_HAL_Driver/Src/stm32f4xx_hal_dma.o
LOAD ./Drivers/STM32F4xx_HAL_Driver/Src/stm32f4xx_hal_dma_ex.o
LOAD ./Drivers/STM32F4xx_HAL_Driver/Src/stm32f4xx_hal_exti.o
LOAD ./Drivers/STM32F4xx_HAL_Driver/Src/stm32f4xx_hal_flash.o
LOAD ./Drivers/STM32F4xx_HAL_Driver/Src/stm32f4xx_hal_flash_ex.o
LOAD ./Drivers/STM32F4xx_HAL_Driver/Src/stm32f4xx_hal_flash_ramfunc.o
LOAD ./Drivers/STM32F4xx_HAL_Driver/Src/stm32f4xx_hal_gpio.o
LOAD ./Drivers/STM32F4xx_HAL_Driver/Src/stm32f4xx_hal_pwr.o
LOAD ./Drivers/STM32F4xx_HAL_Driver/Src/stm32f4xx_hal_pwr_ex.o
LOAD ./Drivers/STM32F4xx_HAL_Driver/Src/stm32f4xx_hal_rcc.o
LOAD ./Drivers/STM32F4xx_HAL_Driver/Src/stm32f4xx_hal_rcc_ex.o
LOAD ./Drivers/STM32F4xx_HAL_Driver/Src/stm32f4xx_hal_tim.o
LOAD ./Drivers/STM32F4xx_HAL_Driver/Src/stm32f4xx_hal_tim_ex.o
LOAD ./Drivers/STM32F4xx_HAL_Driver/Src/stm32f4xx_hal_uart.o
LOAD C:\Users\User\Documents\AI\Codice_AI_LITE\Middlewares\ST\AI\Lib\libNetworkRuntime910_CM4_IAR.a
START GROUP
LOAD C:/ST/STM32CubeIDE_1.14.1/STM32CubeIDE/plugins/com.st.stm32cube.ide.mcu.externaltools.gnu-tools-for-stm32.12.3.rel1.win32_1.0.200.202406191623/tools/bin/../lib/gcc/arm-none-eabi/12.3.1/../../../../arm-none-eabi/lib/thumb/v7e-m+fp/hard\libc_nano.a
LOAD C:/ST/STM32CubeIDE_1.14.1/STM32CubeIDE/plugins/com.st.stm32cube.ide.mcu.externaltools.gnu-tools-for-stm32.12.3.rel1.win32_1.0.200.202406191623/tools/bin/../lib/gcc/arm-none-eabi/12.3.1/../../../../arm-none-eabi/lib/thumb/v7e-m+fp/hard\libm.a
END GROUP
START GROUP
LOAD C:/ST/STM32CubeIDE_1.14.1/STM32CubeIDE/plugins/com.st.stm32cube.ide.mcu.externaltools.gnu-tools-for-stm32.12.3.rel1.win32_1.0.200.202406191623/tools/bin/../lib/gcc/arm-none-eabi/12.3.1/thumb/v7e-m+fp/hard\libgcc.a
LOAD C:/ST/STM32CubeIDE_1.14.1/STM32CubeIDE/plugins/com.st.stm32cube.ide.mcu.externaltools.gnu-tools-for-stm32.12.3.rel1.win32_1.0.200.202406191623/tools/bin/../lib/gcc/arm-none-eabi/12.3.1/../../../../arm-none-eabi/lib/thumb/v7e-m+fp/hard\libc_nano.a
END GROUP
START GROUP
LOAD C:/ST/STM32CubeIDE_1.14.1/STM32CubeIDE/plugins/com.st.stm32cube.ide.mcu.externaltools.gnu-tools-for-stm32.12.3.rel1.win32_1.0.200.202406191623/tools/bin/../lib/gcc/arm-none-eabi/12.3.1/thumb/v7e-m+fp/hard\libgcc.a
LOAD C:/ST/STM32CubeIDE_1.14.1/STM32CubeIDE/plugins/com.st.stm32cube.ide.mcu.externaltools.gnu-tools-for-stm32.12.3.rel1.win32_1.0.200.202406191623/tools/bin/../lib/gcc/arm-none-eabi/12.3.1/../../../../arm-none-eabi/lib/thumb/v7e-m+fp/hard\libc_nano.a
LOAD C:/ST/STM32CubeIDE_1.14.1/STM32CubeIDE/plugins/com.st.stm32cube.ide.mcu.externaltools.gnu-tools-for-stm32.12.3.rel1.win32_1.0.200.202406191623/tools/bin/../lib/gcc/arm-none-eabi/12.3.1/../../../../arm-none-eabi/lib/thumb/v7e-m+fp/hard\libnosys.a
END GROUP
START GROUP
LOAD C:/ST/STM32CubeIDE_1.14.1/STM32CubeIDE/plugins/com.st.stm32cube.ide.mcu.externaltools.gnu-tools-for-stm32.12.3.rel1.win32_1.0.200.202406191623/tools/bin/../lib/gcc/arm-none-eabi/12.3.1/thumb/v7e-m+fp/hard\libgcc.a
LOAD C:/ST/STM32CubeIDE_1.14.1/STM32CubeIDE/plugins/com.st.stm32cube.ide.mcu.externaltools.gnu-tools-for-stm32.12.3.rel1.win32_1.0.200.202406191623/tools/bin/../lib/gcc/arm-none-eabi/12.3.1/../../../../arm-none-eabi/lib/thumb/v7e-m+fp/hard\libc_nano.a
LOAD C:/ST/STM32CubeIDE_1.14.1/STM32CubeIDE/plugins/com.st.stm32cube.ide.mcu.externaltools.gnu-tools-for-stm32.12.3.rel1.win32_1.0.200.202406191623/tools/bin/../lib/gcc/arm-none-eabi/12.3.1/../../../../arm-none-eabi/lib/thumb/v7e-m+fp/hard\libnosys.a
END GROUP
LOAD C:/ST/STM32CubeIDE_1.14.1/STM32CubeIDE/plugins/com.st.stm32cube.ide.mcu.externaltools.gnu-tools-for-stm32.12.3.rel1.win32_1.0.200.202406191623/tools/bin/../lib/gcc/arm-none-eabi/12.3.1/thumb/v7e-m+fp/hard/crtend.o
LOAD C:/ST/STM32CubeIDE_1.14.1/STM32CubeIDE/plugins/com.st.stm32cube.ide.mcu.externaltools.gnu-tools-for-stm32.12.3.rel1.win32_1.0.200.202406191623/tools/bin/../lib/gcc/arm-none-eabi/12.3.1/thumb/v7e-m+fp/hard/crtn.o
                0x20018000                        _estack = (ORIGIN (RAM) + LENGTH (RAM))
                0x00000200                        _Min_Heap_Size = 0x200
                0x00000400                        _Min_Stack_Size = 0x400

.isr_vector     0x08000000      0x194
                0x08000000                        . = ALIGN (0x4)
 *(.isr_vector)
 .isr_vector    0x08000000      0x194 ./Core/Startup/startup_stm32f401retx.o
                0x08000000                g_pfnVectors
                0x08000194                        . = ALIGN (0x4)

.text           0x080001a0    0x19d54
                0x080001a0                        . = ALIGN (0x4)
 *(.text)
 .text          0x080001a0       0x40 C:/ST/STM32CubeIDE_1.14.1/STM32CubeIDE/plugins/com.st.stm32cube.ide.mcu.externaltools.gnu-tools-for-stm32.12.3.rel1.win32_1.0.200.202406191623/tools/bin/../lib/gcc/arm-none-eabi/12.3.1/thumb/v7e-m+fp/hard/crtbegin.o
 .text          0x080001e0      0x364 C:\Users\User\Documents\AI\Codice_AI_LITE\Middlewares\ST\AI\Lib\libNetworkRuntime910_CM4_IAR.a(ai_platform.o)
                0x080001e0                ai_buffer_get_size
                0x0800028a                ai_buffer_get_byte_size
                0x08000298                ai_buffer_array_is_empty
                0x080002b4                ai_buffer_array_is_valid
                0x080003d8                ai_buffer_array_sane
                0x080003f4                ai_buffer_array_get_byte_size
                0x08000520                ai_buffer_array_item_set_address
 .text          0x08000544      0xe60 C:\Users\User\Documents\AI\Codice_AI_LITE\Middlewares\ST\AI\Lib\libNetworkRuntime910_CM4_IAR.a(ai_platform_interface.o)
                0x080008d0                ai_platform_get_weights_map
                0x080008fe                ai_platform_get_activations_map
                0x0800092e                ai_platform_bind_network_params
                0x0800095e                ai_platform_runtime_get_revision
                0x08000962                ai_platform_runtime_get_version
                0x0800096a                ai_platform_api_get_version
                0x08000972                ai_platform_interface_api_get_version
                0x0800097a                ai_platform_context_acquire
                0x0800098c                ai_platform_context_release
                0x0800098e                ai_platform_network_get_error
                0x080009aa                ai_platform_network_set_error
                0x080009b6                ai_platform_inputs_get
                0x08000a02                ai_platform_outputs_get
                0x08000a52                ai_platform_api_get_network_report
                0x08000bf4                ai_platform_network_create
                0x08000c6e                ai_platform_network_destroy
                0x08000c94                ai_platform_network_init
                0x08000d9c                ai_platform_network_post_init
                0x08000e00                ai_platform_network_process
                0x08001176                ai_platform_observer_node_info
                0x0800120c                ai_platform_observer_register
                0x08001284                ai_platform_observer_register_s
                0x080012ee                ai_platform_observer_unregister
                0x08001314                ai_platform_observer_unregister_s
 .text          0x080013a4       0x24 C:\Users\User\Documents\AI\Codice_AI_LITE\Middlewares\ST\AI\Lib\libNetworkRuntime910_CM4_IAR.a(core_common.o)
                0x080013a4                core_init
                0x080013a8                core_get_error
                0x080013b2                core_set_error
 .text          0x080013c8       0x7e C:\Users\User\Documents\AI\Codice_AI_LITE\Middlewares\ST\AI\Lib\libNetworkRuntime910_CM4_IAR.a(core_mem_manager.o)
                0x080013c8                core_mem_alloc
                0x080013e2                core_mem_free
                0x08001408                core_mem_realloc
 *fill*         0x08001446        0x2 
 .text          0x08001448      0x694 C:\Users\User\Documents\AI\Codice_AI_LITE\Middlewares\ST\AI\Lib\libNetworkRuntime910_CM4_IAR.a(layers.o)
                0x08001448                ai_check_custom_types
                0x0800146e                ai_layer_type_name
                0x0800170c                ai_layer_type_is_valid
                0x0800173e                ai_layers_init_all
                0x0800175a                ai_layers_post_init_all
                0x08001788                ai_layers_forward_all
                0x080017fc                ai_layers_destroy_all
                0x0800182a                _layer_get_scratch_size
 .text          0x08001adc     0x1314 C:\Users\User\Documents\AI\Codice_AI_LITE\Middlewares\ST\AI\Lib\libNetworkRuntime910_CM4_IAR.a(layers_conv2d_generic_float.o)
                0x08001adc                forward_conv2d_if32of32wf32
                0x08001cb8                forward_dw_if32of32wf32
                0x08001e70                forward_conv2d_if32of32wf32_group
                0x08002028                forward_conv2d_if32of32wf32_nl_pool
                0x080022e0                forward_dw_if32of32wf32_nl_pool
                0x0800257e                forward_conv2d_if32of32wf32_group_nl_pool
                0x0800281c                forward_dense
                0x08002946                st_mat_init_f32
                0x08002950                st_mat_gemm_f32
                0x08002b28                forward_gemm
                0x08002c3c                forward_matmul
 .text          0x08002df0     0x2e34 C:\Users\User\Documents\AI\Codice_AI_LITE\Middlewares\ST\AI\Lib\libNetworkRuntime910_CM4_IAR.a(layers_nl_generic_float.o)
                0x08002f74                nl_func_acos_array_f32
                0x08002fa8                forward_acos
                0x0800305c                nl_func_acosh_array_f32
                0x08003090                forward_acosh
                0x08003144                nl_func_asin_array_f32
                0x08003178                forward_asin
                0x0800322c                nl_func_asinh_array_f32
                0x08003260                forward_asinh
                0x08003314                nl_func_atan_array_f32
                0x08003348                forward_atan
                0x080033fc                nl_func_atanh_array_f32
                0x08003430                forward_atanh
                0x080034e4                nl_func_cos_array_f32
                0x08003518                forward_cos
                0x080035cc                nl_func_cosh_array_f32
                0x08003600                forward_cosh
                0x080036b4                nl_func_erf_array_f32
                0x080036e8                forward_erf
                0x0800379c                nl_func_log_array_f32
                0x080037d0                forward_log
                0x08003884                nl_func_logistic_array_f32
                0x080038f8                forward_logistic
                0x080039ec                nl_func_rsqrt_array_f32
                0x08003a28                forward_rsqrt
                0x08003ae8                nl_func_sin_array_f32
                0x08003b1c                forward_sin
                0x08003bd0                nl_func_sinh_array_f32
                0x08003c04                forward_sinh
                0x08003cb8                nl_func_tan_array_f32
                0x08003cec                forward_tan
                0x08003da0                nl_func_square_array_f32
                0x08003e10                forward_square
                0x08003f04                nl_func_abs_array_f32
                0x08003f30                forward_abs
                0x08003fe0                nl_func_ceil_array_f32
                0x08004014                forward_ceil
                0x080040c8                nl_func_floor_array_f32
                0x080040fc                forward_floor
                0x080041b0                nl_func_round_array_f32
                0x080041e4                forward_round
                0x08004298                nl_func_neg_array_f32
                0x0800430c                forward_neg
                0x08004404                nl_func_reciprocal_array_f32
                0x08004484                forward_reciprocal
                0x08004588                nl_func_exp_array_f32
                0x080045bc                forward_exp
                0x08004670                nl_func_sigmoid_array_f32
                0x080046b8                forward_sigmoid
                0x08004780                nl_func_swish_array_f32
                0x080047d4                forward_swish
                0x080048a8                nl_func_hard_swish_array_f32
                0x0800490c                forward_hard_swish
                0x080049f4                nl_func_sign_array_f32
                0x08004a38                forward_sign
                0x08004b14                nl_func_sqrt_array_f32
                0x08004b48                forward_sqrt
                0x08004c00                nl_func_soft_plus_array_f32
                0x08004c40                forward_soft_plus
                0x08004d00                nl_func_soft_sign_array_f32
                0x08004d3c                forward_soft_sign
                0x08004dfc                nl_func_tanh_array_f32
                0x08004e30                forward_tanh
                0x08004ee4                nl_func_relu_array_f32
                0x08004f1c                nl_func_not_array_bool
                0x08004f4a                forward_not
                0x08004ff8                nl_func_sm_channel_f32
                0x08005004                nl_func_sm_array_f32
                0x0800503c                nl_func_sm_zero_channel_f32
                0x08005048                nl_func_probit_f32
                0x0800508c                nl_func_clip_array_f32
                0x080050dc                nl_func_hardmax_array_f32
                0x080051dc                nl_func_hard_sigmoid_array_f32
                0x08005244                nl_func_gelu_array_f32
                0x080052ea                nl_func_relu_generic_array_f32
                0x08005300                nl_func_relu_thresholded_array_f32
                0x08005340                nl_func_elu_array_f32
                0x080053c0                nl_func_selu_array_f32
                0x08005448                nl_func_prelu_array_f32
                0x080054b4                forward_gelu
                0x08005598                forward_relu
                0x08005658                forward_relu_thresholded
                0x08005720                forward_hard_sigmoid
                0x08005810                forward_elu
                0x080058d0                forward_selu
                0x080059a0                forward_prelu
                0x08005a28                forward_clip
                0x08005b02                forward_sm
                0x08005bc2                forward_hardmax
 .text          0x08005c24       0x86 C:\Users\User\Documents\AI\Codice_AI_LITE\Middlewares\ST\AI\Lib\libNetworkRuntime910_CM4_IAR.a(layers_conv2d_integer_scratch.o)
                0x08005c24                get_conv2d_scratch_size
 *fill*         0x08005caa        0x2 
 .text          0x08005cac     0x13a2 C:\Users\User\Documents\AI\Codice_AI_LITE\Middlewares\ST\AI\Lib\libNetworkRuntime910_CM4_IAR.a(forward_lite_conv2d_if32of32wf32.o)
                0x0800630c                forward_lite_conv2d_if32of32wf32
                0x08006510                forward_lite_dw_if32of32wf32
                0x08006612                forward_lite_conv2d_if32of32wf32_group
                0x08006730                forward_lite_conv2d_if32of32wf32_pool
                0x08006ad0                forward_lite_dw_if32of32wf32_pool
                0x08006d84                forward_lite_conv2d_if32of32wf32_group_pool
 *fill*         0x0800704e        0x2 
 .text          0x08007050      0x29c C:\Users\User\Documents\AI\Codice_AI_LITE\Middlewares\ST\AI\Lib\libNetworkRuntime910_CM4_IAR.a(lite_nl_softmax_if32of32.o)
                0x08007050                forward_lite_nl_softmax_if32of32_kernel
                0x08007184                forward_lite_nl_softmax_zero_channel_if32of32_kernel
 .text          0x080072ec      0x138 C:\Users\User\Documents\AI\Codice_AI_LITE\Middlewares\ST\AI\Lib\libNetworkRuntime910_CM4_IAR.a(lite_nl_relu_if32of32.o)
                0x080072ec                forward_lite_nl_prelu_if32of32_kernel
                0x0800736c                forward_lite_nl_relu_generic_if32of32_kernel
 .text          0x08007424      0x898 C:\Users\User\Documents\AI\Codice_AI_LITE\Middlewares\ST\AI\Lib\libNetworkRuntime910_CM4_IAR.a(lite_dense_if32.o)
                0x08007424                lite_decompress_ilutof32
                0x08007504                forward_lite_dense_if32of32wf32
                0x08007818                forward_lite_dense_if32of32wf32_lut4
                0x08007a6c                forward_lite_dense_if32of32wf32_lut8
 .text          0x08007cbc     0x3ce2 C:\Users\User\Documents\AI\Codice_AI_LITE\Middlewares\ST\AI\Lib\libNetworkRuntime910_CM4_IAR.a(ai_math_helpers.o)
                0x08007cbc                ai_math_sqrt
                0x08007cd4                ai_math_erfinv
                0x08007d3e                ai_math_exp
                0x08007d42                ai_math_pow
                0x08007d46                ai_math_tanh
                0x08007d4a                ai_math_cosh
                0x08007d50                ai_math_relu
                0x08007d60                ai_math_prelu
                0x08007d70                ai_math_sigmoid
                0x08007d90                ai_math_hard_sigmoid
                0x08007dc4                ai_math_swish
                0x08007df4                ai_math_hard_swish
                0x08007e2c                ai_math_gelu
                0x08007e98                ai_math_sign
                0x08007ebc                ai_div_buffer_INT8
                0x08008054                ai_div_buffer_UINT8
                0x080080d4                ai_max_buffer_INT8
                0x0800843c                ai_max_buffer_UINT8
                0x08008550                ai_min_buffer_INT8
                0x080088b8                ai_min_buffer_UINT8
                0x080089cc                ai_mul_buffer_INT8
                0x08008e68                ai_mul_buffer_UINT8
                0x08008ee6                ai_sub_buffer_INT8
                0x08008f1c                ai_sub_buffer_UINT8
                0x08008fd6                ai_sum
                0x08008fe8                ai_sum_buffer
                0x0800906c                ai_sum_f32
                0x08009080                ai_sum_buffer_f32
                0x08009104                ai_sum_s32
                0x0800910e                ai_sum_buffer_s32
                0x08009162                ai_sum_s16
                0x0800916c                ai_sum_buffer_s16
                0x080091de                ai_sum_s8
                0x080091e8                ai_sum_buffer_s8
                0x08009256                ai_sum_u32
                0x08009260                ai_sum_buffer_u32
                0x080092b4                ai_sum_u16
                0x080092be                ai_sum_buffer_u16
                0x08009316                ai_sum_u8
                0x08009320                ai_sum_buffer_u8
                0x08009376                ai_sub
                0x08009388                ai_sub_buffer
                0x0800940c                ai_sub_f32
                0x08009420                ai_sub_buffer_f32
                0x080094a4                ai_sub_s32
                0x080094ae                ai_sub_buffer_s32
                0x08009502                ai_sub_s16
                0x0800950c                ai_sub_buffer_s16
                0x0800957e                ai_sub_s8
                0x08009588                ai_sub_buffer_s8
                0x080095f6                ai_sub_u32
                0x08009600                ai_sub_buffer_u32
                0x08009654                ai_sub_u16
                0x0800965e                ai_sub_buffer_u16
                0x080096b6                ai_sub_u8
                0x080096c0                ai_sub_buffer_u8
                0x08009716                ai_mul
                0x08009728                ai_mul_buffer
                0x080097ac                ai_mul_f32
                0x080097c0                ai_mul_buffer_f32
                0x08009844                ai_mul_s32
                0x0800984e                ai_mul_buffer_s32
                0x080098a2                ai_mul_s16
                0x080098b0                ai_mul_buffer_s16
                0x0800992a                ai_mul_s8
                0x08009938                ai_mul_buffer_s8
                0x080099ae                ai_mul_u32
                0x080099b8                ai_mul_buffer_u32
                0x08009a0c                ai_mul_u16
                0x08009a18                ai_mul_buffer_u16
                0x08009a78                ai_mul_u8
                0x08009a84                ai_mul_buffer_u8
                0x08009ae2                ai_div
                0x08009af4                ai_div_buffer
                0x08009b78                ai_div_f32
                0x08009b8c                ai_div_buffer_f32
                0x08009c10                ai_div_s32
                0x08009c1c                ai_div_buffer_s32
                0x08009c78                ai_div_s16
                0x08009c88                ai_div_buffer_s16
                0x08009cfa                ai_div_s8
                0x08009d0c                ai_div_buffer_s8
                0x08009d7a                ai_div_u32
                0x08009d86                ai_div_buffer_u32
                0x08009de2                ai_div_u16
                0x08009dee                ai_div_buffer_u16
                0x08009e4e                ai_div_u8
                0x08009e5a                ai_div_buffer_u8
                0x08009eb8                ai_mod
                0x08009ed0                ai_mod_buffer
                0x08009f02                ai_mod_f32
                0x08009f18                ai_mod_buffer_f32
                0x08009f4a                ai_mod_s32
                0x08009f5a                ai_mod_buffer_s32
                0x08009faa                ai_mod_s16
                0x08009fc0                ai_mod_buffer_s16
                0x0800a004                ai_mod_s8
                0x0800a018                ai_mod_buffer_s8
                0x0800a074                ai_mod_u32
                0x0800a084                ai_mod_buffer_u32
                0x0800a0d4                ai_mod_u16
                0x0800a0e4                ai_mod_buffer_u16
                0x0800a120                ai_mod_u8
                0x0800a130                ai_mod_buffer_u8
                0x0800a17e                ai_bitshift_right
                0x0800a188                ai_bitshift_right_buffer
                0x0800a1dc                ai_bitshift_left
                0x0800a1e6                ai_bitshift_left_buffer
                0x0800a23a                ai_bitshift_right_u32
                0x0800a244                ai_bitshift_right_buffer_u32
                0x0800a298                ai_bitshift_left_u32
                0x0800a2a2                ai_bitshift_left_buffer_u32
                0x0800a2f6                ai_bitshift_right_u16
                0x0800a300                ai_bitshift_right_buffer_u16
                0x0800a358                ai_bitshift_left_u16
                0x0800a362                ai_bitshift_left_buffer_u16
                0x0800a3ba                ai_bitshift_right_u8
                0x0800a3c6                ai_bitshift_right_buffer_u8
                0x0800a424                ai_bitshift_left_u8
                0x0800a430                ai_bitshift_left_buffer_u8
                0x0800a48e                ai_floor_div
                0x0800a4a8                ai_floor_div_buffer
                0x0800a4de                ai_floor_mod
                0x0800a4f4                ai_floor_mod_buffer
                0x0800a526                ai_max
                0x0800a544                ai_max_buffer
                0x0800a576                ai_max_f32
                0x0800a594                ai_max_buffer_f32
                0x0800a5c6                ai_max_s32
                0x0800a5d4                ai_max_buffer_s32
                0x0800a5fc                ai_max_s16
                0x0800a60e                ai_max_buffer_s16
                0x0800a63a                ai_max_s8
                0x0800a64c                ai_max_buffer_s8
                0x0800a676                ai_max_u32
                0x0800a684                ai_max_buffer_u32
                0x0800a6ac                ai_max_u16
                0x0800a6ba                ai_max_buffer_u16
                0x0800a6e2                ai_max_u8
                0x0800a6f0                ai_max_buffer_u8
                0x0800a716                ai_min
                0x0800a734                ai_min_buffer
                0x0800a766                ai_min_f32
                0x0800a784                ai_min_buffer_f32
                0x0800a7b6                ai_min_s32
                0x0800a7c4                ai_min_buffer_s32
                0x0800a7ec                ai_min_s16
                0x0800a7fe                ai_min_buffer_s16
                0x0800a82a                ai_min_s8
                0x0800a83c                ai_min_buffer_s8
                0x0800a866                ai_min_u32
                0x0800a874                ai_min_buffer_u32
                0x0800a89c                ai_min_u16
                0x0800a8aa                ai_min_buffer_u16
                0x0800a8d2                ai_min_u8
                0x0800a8e0                ai_min_buffer_u8
                0x0800a906                ai_pow
                0x0800a91c                ai_pow_buffer
                0x0800a94e                ai_equal
                0x0800a968                ai_equal_buffer
                0x0800a99a                ai_equal_f32
                0x0800a9b4                ai_equal_buffer_f32
                0x0800a9e6                ai_equal_s32
                0x0800a9f6                ai_equal_buffer_s32
                0x0800aa1e                ai_equal_s16
                0x0800aa32                ai_equal_buffer_s16
                0x0800aa5e                ai_equal_s8
                0x0800aa72                ai_equal_buffer_s8
                0x0800aa9e                ai_equal_u32
                0x0800aaae                ai_equal_buffer_u32
                0x0800aad6                ai_equal_u16
                0x0800aae6                ai_equal_buffer_u16
                0x0800ab0e                ai_equal_u8
                0x0800ab1e                ai_equal_buffer_u8
                0x0800ab46                ai_not_equal
                0x0800ab60                ai_not_equal_buffer
                0x0800ab92                ai_not_equal_f32
                0x0800abac                ai_not_equal_buffer_f32
                0x0800abde                ai_not_equal_s32
                0x0800abee                ai_not_equal_buffer_s32
                0x0800ac16                ai_not_equal_s16
                0x0800ac2a                ai_not_equal_buffer_s16
                0x0800ac56                ai_not_equal_s8
                0x0800ac6a                ai_not_equal_buffer_s8
                0x0800ac96                ai_not_equal_u32
                0x0800aca6                ai_not_equal_buffer_u32
                0x0800acce                ai_not_equal_u16
                0x0800acde                ai_not_equal_buffer_u16
                0x0800ad06                ai_not_equal_u8
                0x0800ad16                ai_not_equal_buffer_u8
                0x0800ad3e                ai_less_or_equal
                0x0800ad58                ai_less_or_equal_buffer
                0x0800ad8a                ai_less_or_equal_f32
                0x0800ada4                ai_less_or_equal_buffer_f32
                0x0800add6                ai_less_or_equal_s32
                0x0800ade6                ai_less_or_equal_buffer_s32
                0x0800ae0e                ai_less_or_equal_s16
                0x0800ae22                ai_less_or_equal_buffer_s16
                0x0800ae4e                ai_less_or_equal_s8
                0x0800ae62                ai_less_or_equal_buffer_s8
                0x0800ae8e                ai_less_or_equal_u32
                0x0800aea0                ai_less_or_equal_buffer_u32
                0x0800aec8                ai_less_or_equal_u16
                0x0800aed8                ai_less_or_equal_buffer_u16
                0x0800af00                ai_less_or_equal_u8
                0x0800af10                ai_less_or_equal_buffer_u8
                0x0800af38                ai_greater_or_equal
                0x0800af52                ai_greater_or_equal_buffer
                0x0800af84                ai_greater_or_equal_f32
                0x0800af9e                ai_greater_or_equal_buffer_f32
                0x0800afd0                ai_greater_or_equal_s32
                0x0800afe0                ai_greater_or_equal_buffer_s32
                0x0800b008                ai_greater_or_equal_s16
                0x0800b01c                ai_greater_or_equal_buffer_s16
                0x0800b048                ai_greater_or_equal_s8
                0x0800b05c                ai_greater_or_equal_buffer_s8
                0x0800b088                ai_greater_or_equal_u32
                0x0800b098                ai_greater_or_equal_buffer_u32
                0x0800b0c0                ai_greater_or_equal_u16
                0x0800b0d0                ai_greater_or_equal_buffer_u16
                0x0800b0f8                ai_greater_or_equal_u8
                0x0800b108                ai_greater_or_equal_buffer_u8
                0x0800b130                ai_less
                0x0800b14a                ai_less_buffer
                0x0800b17c                ai_less_f32
                0x0800b196                ai_less_buffer_f32
                0x0800b1c8                ai_less_s32
                0x0800b1d8                ai_less_buffer_s32
                0x0800b200                ai_less_s16
                0x0800b214                ai_less_buffer_s16
                0x0800b240                ai_less_s8
                0x0800b254                ai_less_buffer_s8
                0x0800b280                ai_less_u32
                0x0800b290                ai_less_buffer_u32
                0x0800b2b6                ai_less_u16
                0x0800b2c4                ai_less_buffer_u16
                0x0800b2ea                ai_less_u8
                0x0800b2f8                ai_less_buffer_u8
                0x0800b31e                ai_greater
                0x0800b338                ai_greater_buffer
                0x0800b36a                ai_greater_f32
                0x0800b384                ai_greater_buffer_f32
                0x0800b3b6                ai_greater_s32
                0x0800b3c6                ai_greater_buffer_s32
                0x0800b3ee                ai_greater_s16
                0x0800b402                ai_greater_buffer_s16
                0x0800b42e                ai_greater_s8
                0x0800b442                ai_greater_buffer_s8
                0x0800b46e                ai_greater_u32
                0x0800b47c                ai_greater_buffer_u32
                0x0800b4a2                ai_greater_u16
                0x0800b4b0                ai_greater_buffer_u16
                0x0800b4d6                ai_greater_u8
                0x0800b4e4                ai_greater_buffer_u8
                0x0800b50a                ai_and
                0x0800b51c                ai_and_buffer
                0x0800b544                ai_or
                0x0800b55c                ai_or_buffer
                0x0800b588                ai_xor
                0x0800b598                ai_xor_buffer
                0x0800b5c0                ai_squared_diff
                0x0800b5d8                ai_squared_diff_buffer
                0x0800b634                ai_sum_buffer_INT8
                0x0800b8e4                ai_sum_buffer_UINT8
 *fill*         0x0800b99e        0x2 
 .text          0x0800b9a0      0x344 C:\Users\User\Documents\AI\Codice_AI_LITE\Middlewares\ST\AI\Lib\libNetworkRuntime910_CM4_IAR.a(st_align_factor.o)
                0x0800b9a0                align_factor_cmsisnn
                0x0800ba6c                align_factor_cmsisnn_ch
                0x0800bb3c                align_factor
                0x0800bbec                align_factor_ch
                0x0800bc44                align_factor_eltwise
 .text          0x0800bce4      0x1bc C:\Users\User\Documents\AI\Codice_AI_LITE\Middlewares\ST\AI\Lib\libNetworkRuntime910_CM4_IAR.a(st_int8_fill.o)
                0x0800bce4                st_int8_fill
                0x0800bdac                st_int8_copy
 .text          0x0800bea0      0xa28 C:\Users\User\Documents\AI\Codice_AI_LITE\Middlewares\ST\AI\Lib\libNetworkRuntime910_CM4_IAR.a(ai_datatypes_format.o)
                0x0800bea0                ai_array_fmt_name
                0x0800c07a                ai_array_fmt_exported
                0x0800c176                ai_array_fmt_valid
                0x0800c274                ai_array_fmt_get_formats
                0x0800c284                ai_buffer_fmt_name
                0x0800c390                ai_buffer_fmt_valid
                0x0800c420                ai_buffer_fmt_get_formats
                0x0800c428                ai_array_to_buffer_fmt
                0x0800c510                ai_buffer_to_array_fmt
                0x0800c658                ai_array_get_byte_size
                0x0800c69a                ai_array_get_data_byte_size
                0x0800c6bc                ai_array_get_elems_from_size
 .text          0x0800c8c8      0x184 C:\Users\User\Documents\AI\Codice_AI_LITE\Middlewares\ST\AI\Lib\libNetworkRuntime910_CM4_IAR.a(ai_datatypes_internal.o)
                0x0800c8c8                ai_version_get
                0x0800c8d4                ai_platform_version_get
                0x0800c8f4                get_tensor_size
                0x0800c952                get_tensor_byte_size
                0x0800c980                ai_from_buffer_to_array
                0x0800c9b8                ai_from_array_to_buffer
 .text          0x0800ca4c      0x24e C:\Users\User\Documents\AI\Codice_AI_LITE\Middlewares\ST\AI\Lib\libNetworkRuntime910_CM4_IAR.a(ai_math_elementwise_mul_int8.o)
                0x0800ca4c                ai_math_elementwise_mul_int8
 *fill*         0x0800cc9a        0x2 
 .text          0x0800cc9c      0x18a C:\Users\User\Documents\AI\Codice_AI_LITE\Middlewares\ST\AI\Lib\libNetworkRuntime910_CM4_IAR.a(ai_math_elementwise_sum_int8.o)
                0x0800cc9c                ai_math_elementwise_sum_int8
 .text          0x0800ce26       0x14 C:/ST/STM32CubeIDE_1.14.1/STM32CubeIDE/plugins/com.st.stm32cube.ide.mcu.externaltools.gnu-tools-for-stm32.12.3.rel1.win32_1.0.200.202406191623/tools/bin/../lib/gcc/arm-none-eabi/12.3.1/../../../../arm-none-eabi/lib/thumb/v7e-m+fp/hard\libc_nano.a(libc_a-strcmp.o)
                0x0800ce26                strcmp
 .text          0x0800ce3a       0x9a C:/ST/STM32CubeIDE_1.14.1/STM32CubeIDE/plugins/com.st.stm32cube.ide.mcu.externaltools.gnu-tools-for-stm32.12.3.rel1.win32_1.0.200.202406191623/tools/bin/../lib/gcc/arm-none-eabi/12.3.1/../../../../arm-none-eabi/lib/thumb/v7e-m+fp/hard\libc_nano.a(libc_a-aeabi_memset-soft.o)
                0x0800ce3a                __aeabi_memset8
                0x0800ce3a                __aeabi_memset4
                0x0800ce3a                __aeabi_memset
 *fill*         0x0800ced4        0xc 
 .text          0x0800cee0       0xa0 C:/ST/STM32CubeIDE_1.14.1/STM32CubeIDE/plugins/com.st.stm32cube.ide.mcu.externaltools.gnu-tools-for-stm32.12.3.rel1.win32_1.0.200.202406191623/tools/bin/../lib/gcc/arm-none-eabi/12.3.1/../../../../arm-none-eabi/lib/thumb/v7e-m+fp/hard\libc_nano.a(libc_a-memchr.o)
                0x0800cee0                memchr
 .text          0x0800cf80       0x10 C:/ST/STM32CubeIDE_1.14.1/STM32CubeIDE/plugins/com.st.stm32cube.ide.mcu.externaltools.gnu-tools-for-stm32.12.3.rel1.win32_1.0.200.202406191623/tools/bin/../lib/gcc/arm-none-eabi/12.3.1/../../../../arm-none-eabi/lib/thumb/v7e-m+fp/hard\libc_nano.a(libc_a-strlen.o)
                0x0800cf80                strlen
 .text          0x0800cf90      0x378 C:/ST/STM32CubeIDE_1.14.1/STM32CubeIDE/plugins/com.st.stm32cube.ide.mcu.externaltools.gnu-tools-for-stm32.12.3.rel1.win32_1.0.200.202406191623/tools/bin/../lib/gcc/arm-none-eabi/12.3.1/thumb/v7e-m+fp/hard\libgcc.a(_arm_addsubdf3.o)
                0x0800cf90                __aeabi_drsub
                0x0800cf98                __aeabi_dsub
                0x0800cf98                __subdf3
                0x0800cf9c                __aeabi_dadd
                0x0800cf9c                __adddf3
                0x0800d214                __floatunsidf
                0x0800d214                __aeabi_ui2d
                0x0800d234                __floatsidf
                0x0800d234                __aeabi_i2d
                0x0800d258                __aeabi_f2d
                0x0800d258                __extendsfdf2
                0x0800d29c                __floatundidf
                0x0800d29c                __aeabi_ul2d
                0x0800d2ac                __floatdidf
                0x0800d2ac                __aeabi_l2d
 .text          0x0800d308      0x424 C:/ST/STM32CubeIDE_1.14.1/STM32CubeIDE/plugins/com.st.stm32cube.ide.mcu.externaltools.gnu-tools-for-stm32.12.3.rel1.win32_1.0.200.202406191623/tools/bin/../lib/gcc/arm-none-eabi/12.3.1/thumb/v7e-m+fp/hard\libgcc.a(_arm_muldivdf3.o)
                0x0800d308                __aeabi_dmul
                0x0800d308                __muldf3
                0x0800d55c                __divdf3
                0x0800d55c                __aeabi_ddiv
 .text          0x0800d72c      0x110 C:/ST/STM32CubeIDE_1.14.1/STM32CubeIDE/plugins/com.st.stm32cube.ide.mcu.externaltools.gnu-tools-for-stm32.12.3.rel1.win32_1.0.200.202406191623/tools/bin/../lib/gcc/arm-none-eabi/12.3.1/thumb/v7e-m+fp/hard\libgcc.a(_arm_cmpdf2.o)
                0x0800d72c                __gtdf2
                0x0800d72c                __gedf2
                0x0800d734                __ltdf2
                0x0800d734                __ledf2
                0x0800d73c                __nedf2
                0x0800d73c                __eqdf2
                0x0800d73c                __cmpdf2
                0x0800d7b8                __aeabi_cdrcmple
                0x0800d7c8                __aeabi_cdcmpeq
                0x0800d7c8                __aeabi_cdcmple
                0x0800d7d8                __aeabi_dcmpeq
                0x0800d7ec                __aeabi_dcmplt
                0x0800d800                __aeabi_dcmple
                0x0800d814                __aeabi_dcmpge
                0x0800d828                __aeabi_dcmpgt
 .text          0x0800d83c       0x2c C:/ST/STM32CubeIDE_1.14.1/STM32CubeIDE/plugins/com.st.stm32cube.ide.mcu.externaltools.gnu-tools-for-stm32.12.3.rel1.win32_1.0.200.202406191623/tools/bin/../lib/gcc/arm-none-eabi/12.3.1/thumb/v7e-m+fp/hard\libgcc.a(_arm_unorddf2.o)
                0x0800d83c                __unorddf2
                0x0800d83c                __aeabi_dcmpun
 .text          0x0800d868       0x50 C:/ST/STM32CubeIDE_1.14.1/STM32CubeIDE/plugins/com.st.stm32cube.ide.mcu.externaltools.gnu-tools-for-stm32.12.3.rel1.win32_1.0.200.202406191623/tools/bin/../lib/gcc/arm-none-eabi/12.3.1/thumb/v7e-m+fp/hard\libgcc.a(_arm_fixdfsi.o)
                0x0800d868                __aeabi_d2iz
                0x0800d868                __fixdfsi
 .text          0x0800d8b8       0x40 C:/ST/STM32CubeIDE_1.14.1/STM32CubeIDE/plugins/com.st.stm32cube.ide.mcu.externaltools.gnu-tools-for-stm32.12.3.rel1.win32_1.0.200.202406191623/tools/bin/../lib/gcc/arm-none-eabi/12.3.1/thumb/v7e-m+fp/hard\libgcc.a(_arm_fixunsdfsi.o)
                0x0800d8b8                __aeabi_d2uiz
                0x0800d8b8                __fixunsdfsi
 .text          0x0800d8f8       0xa0 C:/ST/STM32CubeIDE_1.14.1/STM32CubeIDE/plugins/com.st.stm32cube.ide.mcu.externaltools.gnu-tools-for-stm32.12.3.rel1.win32_1.0.200.202406191623/tools/bin/../lib/gcc/arm-none-eabi/12.3.1/thumb/v7e-m+fp/hard\libgcc.a(_arm_truncdfsf2.o)
                0x0800d8f8                __truncdfsf2
                0x0800d8f8                __aeabi_d2f
 .text          0x0800d998       0x30 C:/ST/STM32CubeIDE_1.14.1/STM32CubeIDE/plugins/com.st.stm32cube.ide.mcu.externaltools.gnu-tools-for-stm32.12.3.rel1.win32_1.0.200.202406191623/tools/bin/../lib/gcc/arm-none-eabi/12.3.1/thumb/v7e-m+fp/hard\libgcc.a(_aeabi_uldivmod.o)
                0x0800d998                __aeabi_uldivmod
 .text          0x0800d9c8       0x28 C:/ST/STM32CubeIDE_1.14.1/STM32CubeIDE/plugins/com.st.stm32cube.ide.mcu.externaltools.gnu-tools-for-stm32.12.3.rel1.win32_1.0.200.202406191623/tools/bin/../lib/gcc/arm-none-eabi/12.3.1/thumb/v7e-m+fp/hard\libgcc.a(_fixsfdi.o)
                0x0800d9c8                __fixsfdi
                0x0800d9c8                __aeabi_f2lz
 .text          0x0800d9f0       0x30 C:/ST/STM32CubeIDE_1.14.1/STM32CubeIDE/plugins/com.st.stm32cube.ide.mcu.externaltools.gnu-tools-for-stm32.12.3.rel1.win32_1.0.200.202406191623/tools/bin/../lib/gcc/arm-none-eabi/12.3.1/thumb/v7e-m+fp/hard\libgcc.a(_fixdfdi.o)
                0x0800d9f0                __fixdfdi
                0x0800d9f0                __aeabi_d2lz
 .text          0x0800da20       0x40 C:/ST/STM32CubeIDE_1.14.1/STM32CubeIDE/plugins/com.st.stm32cube.ide.mcu.externaltools.gnu-tools-for-stm32.12.3.rel1.win32_1.0.200.202406191623/tools/bin/../lib/gcc/arm-none-eabi/12.3.1/thumb/v7e-m+fp/hard\libgcc.a(_fixunssfdi.o)
                0x0800da20                __fixunssfdi
                0x0800da20                __aeabi_f2ulz
 .text          0x0800da60       0x3c C:/ST/STM32CubeIDE_1.14.1/STM32CubeIDE/plugins/com.st.stm32cube.ide.mcu.externaltools.gnu-tools-for-stm32.12.3.rel1.win32_1.0.200.202406191623/tools/bin/../lib/gcc/arm-none-eabi/12.3.1/thumb/v7e-m+fp/hard\libgcc.a(_fixunsdfdi.o)
                0x0800da60                __fixunsdfdi
                0x0800da60                __aeabi_d2ulz
 .text          0x0800da9c      0x2bc C:/ST/STM32CubeIDE_1.14.1/STM32CubeIDE/plugins/com.st.stm32cube.ide.mcu.externaltools.gnu-tools-for-stm32.12.3.rel1.win32_1.0.200.202406191623/tools/bin/../lib/gcc/arm-none-eabi/12.3.1/thumb/v7e-m+fp/hard\libgcc.a(_udivmoddi4.o)
                0x0800da9c                __udivmoddi4
 .text          0x0800dd58        0x4 C:/ST/STM32CubeIDE_1.14.1/STM32CubeIDE/plugins/com.st.stm32cube.ide.mcu.externaltools.gnu-tools-for-stm32.12.3.rel1.win32_1.0.200.202406191623/tools/bin/../lib/gcc/arm-none-eabi/12.3.1/thumb/v7e-m+fp/hard\libgcc.a(_dvmd_tls.o)
                0x0800dd58                __aeabi_idiv0
                0x0800dd58                __aeabi_ldiv0
 *(.text*)
 .text.case_insensitive_strcmp
                0x0800dd5c       0xd8 ./Core/Src/cJSON.o
 .text.cJSON_New_Item
                0x0800de34       0x2c ./Core/Src/cJSON.o
 .text.cJSON_Delete
                0x0800de60       0xa0 ./Core/Src/cJSON.o
                0x0800de60                cJSON_Delete
 .text.get_decimal_point
                0x0800df00       0x10 ./Core/Src/cJSON.o
 .text.parse_number
                0x0800df10      0x198 ./Core/Src/cJSON.o
 .text.parse_hex4
                0x0800e0a8       0xc4 ./Core/Src/cJSON.o
 .text.utf16_literal_to_utf8
                0x0800e16c      0x1d0 ./Core/Src/cJSON.o
 .text.parse_string
                0x0800e33c      0x290 ./Core/Src/cJSON.o
 .text.buffer_skip_whitespace
                0x0800e5cc       0x80 ./Core/Src/cJSON.o
 .text.skip_utf8_bom
                0x0800e64c       0x68 ./Core/Src/cJSON.o
 .text.cJSON_ParseWithOpts
                0x0800e6b4       0x38 ./Core/Src/cJSON.o
                0x0800e6b4                cJSON_ParseWithOpts
 .text.cJSON_ParseWithLengthOpts
                0x0800e6ec      0x134 ./Core/Src/cJSON.o
                0x0800e6ec                cJSON_ParseWithLengthOpts
 .text.cJSON_Parse
                0x0800e820       0x1c ./Core/Src/cJSON.o
                0x0800e820                cJSON_Parse
 .text.parse_value
                0x0800e83c      0x1d8 ./Core/Src/cJSON.o
 .text.parse_array
                0x0800ea14      0x188 ./Core/Src/cJSON.o
 .text.parse_object
                0x0800eb9c      0x218 ./Core/Src/cJSON.o
 .text.cJSON_GetArraySize
                0x0800edb4       0x42 ./Core/Src/cJSON.o
                0x0800edb4                cJSON_GetArraySize
 .text.get_array_item
                0x0800edf6       0x46 ./Core/Src/cJSON.o
 .text.cJSON_GetArrayItem
                0x0800ee3c       0x28 ./Core/Src/cJSON.o
                0x0800ee3c                cJSON_GetArrayItem
 .text.get_object_item
                0x0800ee64       0x90 ./Core/Src/cJSON.o
 .text.cJSON_GetObjectItem
                0x0800eef4       0x1e ./Core/Src/cJSON.o
                0x0800eef4                cJSON_GetObjectItem
 *fill*         0x0800ef12        0x2 
 .text.load_mfcc_data
                0x0800ef14      0x1b8 ./Core/Src/main.o
                0x0800ef14                load_mfcc_data
 .text.main     0x0800f0cc      0x418 ./Core/Src/main.o
                0x0800f0cc                main
 .text.SystemClock_Config
                0x0800f4e4       0xe0 ./Core/Src/main.o
                0x0800f4e4                SystemClock_Config
 .text.MX_USART2_UART_Init
                0x0800f5c4       0x54 ./Core/Src/main.o
 .text.MX_DMA_Init
                0x0800f618       0x50 ./Core/Src/main.o
 .text.MX_GPIO_Init
                0x0800f668       0xb8 ./Core/Src/main.o
 .text.Error_Handler
                0x0800f720        0xc ./Core/Src/main.o
                0x0800f720                Error_Handler
 .text.ai_modellite_create
                0x0800f72c       0x2c ./Core/Src/modellite.o
                0x0800f72c                ai_modellite_create
 .text.HAL_MspInit
                0x0800f758       0x60 ./Core/Src/stm32f4xx_hal_msp.o
                0x0800f758                HAL_MspInit
 .text.HAL_UART_MspInit
                0x0800f7b8      0x168 ./Core/Src/stm32f4xx_hal_msp.o
                0x0800f7b8                HAL_UART_MspInit
 .text.NMI_Handler
                0x0800f920        0x8 ./Core/Src/stm32f4xx_it.o
                0x0800f920                NMI_Handler
 .text.HardFault_Handler
                0x0800f928        0x8 ./Core/Src/stm32f4xx_it.o
                0x0800f928                HardFault_Handler
 .text.MemManage_Handler
                0x0800f930        0x8 ./Core/Src/stm32f4xx_it.o
                0x0800f930                MemManage_Handler
 .text.BusFault_Handler
                0x0800f938        0x8 ./Core/Src/stm32f4xx_it.o
                0x0800f938                BusFault_Handler
 .text.UsageFault_Handler
                0x0800f940        0x8 ./Core/Src/stm32f4xx_it.o
                0x0800f940                UsageFault_Handler
 .text.SVC_Handler
                0x0800f948        0xe ./Core/Src/stm32f4xx_it.o
                0x0800f948                SVC_Handler
 .text.DebugMon_Handler
                0x0800f956        0xe ./Core/Src/stm32f4xx_it.o
                0x0800f956                DebugMon_Handler
 .text.PendSV_Handler
                0x0800f964        0xe ./Core/Src/stm32f4xx_it.o
                0x0800f964                PendSV_Handler
 .text.SysTick_Handler
                0x0800f972        0xc ./Core/Src/stm32f4xx_it.o
                0x0800f972                SysTick_Handler
 .text.RCC_IRQHandler
                0x0800f97e        0xe ./Core/Src/stm32f4xx_it.o
                0x0800f97e                RCC_IRQHandler
 .text.DMA1_Stream5_IRQHandler
                0x0800f98c       0x14 ./Core/Src/stm32f4xx_it.o
                0x0800f98c                DMA1_Stream5_IRQHandler
 .text.DMA1_Stream6_IRQHandler
                0x0800f9a0       0x14 ./Core/Src/stm32f4xx_it.o
                0x0800f9a0                DMA1_Stream6_IRQHandler
 .text.USART2_IRQHandler
                0x0800f9b4       0x14 ./Core/Src/stm32f4xx_it.o
                0x0800f9b4                USART2_IRQHandler
 .text._getpid  0x0800f9c8       0x10 ./Core/Src/syscalls.o
                0x0800f9c8                _getpid
 .text._kill    0x0800f9d8       0x20 ./Core/Src/syscalls.o
                0x0800f9d8                _kill
 .text._exit    0x0800f9f8       0x16 ./Core/Src/syscalls.o
                0x0800f9f8                _exit
 .text._read    0x0800fa0e       0x3a ./Core/Src/syscalls.o
                0x0800fa0e                _read
 .text._write   0x0800fa48       0x38 ./Core/Src/syscalls.o
                0x0800fa48                _write
 .text._close   0x0800fa80       0x18 ./Core/Src/syscalls.o
                0x0800fa80                _close
 .text._fstat   0x0800fa98       0x20 ./Core/Src/syscalls.o
                0x0800fa98                _fstat
 .text._isatty  0x0800fab8       0x16 ./Core/Src/syscalls.o
                0x0800fab8                _isatty
 .text._lseek   0x0800face       0x1a ./Core/Src/syscalls.o
                0x0800face                _lseek
 .text._open    0x0800fae8       0x1c ./Core/Src/syscalls.o
                0x0800fae8                _open
 .text._sbrk    0x0800fb04       0x6c ./Core/Src/sysmem.o
                0x0800fb04                _sbrk
 .text.SystemInit
                0x0800fb70       0x24 ./Core/Src/system_stm32f4xx.o
                0x0800fb70                SystemInit
 .text.Reset_Handler
                0x0800fb94       0x50 ./Core/Startup/startup_stm32f401retx.o
                0x0800fb94                Reset_Handler
 .text.Default_Handler
                0x0800fbe4        0x2 ./Core/Startup/startup_stm32f401retx.o
                0x0800fbe4                RTC_Alarm_IRQHandler
                0x0800fbe4                EXTI2_IRQHandler
                0x0800fbe4                SPI4_IRQHandler
                0x0800fbe4                TIM1_CC_IRQHandler
                0x0800fbe4                DMA2_Stream5_IRQHandler
                0x0800fbe4                PVD_IRQHandler
                0x0800fbe4                SDIO_IRQHandler
                0x0800fbe4                TAMP_STAMP_IRQHandler
                0x0800fbe4                EXTI3_IRQHandler
                0x0800fbe4                TIM1_UP_TIM10_IRQHandler
                0x0800fbe4                I2C3_ER_IRQHandler
                0x0800fbe4                EXTI0_IRQHandler
                0x0800fbe4                I2C2_EV_IRQHandler
                0x0800fbe4                DMA1_Stream2_IRQHandler
                0x0800fbe4                FPU_IRQHandler
                0x0800fbe4                DMA2_Stream2_IRQHandler
                0x0800fbe4                SPI1_IRQHandler
                0x0800fbe4                TIM1_BRK_TIM9_IRQHandler
                0x0800fbe4                DMA2_Stream3_IRQHandler
                0x0800fbe4                USART6_IRQHandler
                0x0800fbe4                DMA2_Stream0_IRQHandler
                0x0800fbe4                TIM4_IRQHandler
                0x0800fbe4                I2C1_EV_IRQHandler
                0x0800fbe4                DMA1_Stream1_IRQHandler
                0x0800fbe4                TIM3_IRQHandler
                0x0800fbe4                Default_Handler
                0x0800fbe4                EXTI15_10_IRQHandler
                0x0800fbe4                ADC_IRQHandler
                0x0800fbe4                DMA1_Stream7_IRQHandler
                0x0800fbe4                TIM5_IRQHandler
                0x0800fbe4                DMA2_Stream7_IRQHandler
                0x0800fbe4                I2C3_EV_IRQHandler
                0x0800fbe4                EXTI9_5_IRQHandler
                0x0800fbe4                RTC_WKUP_IRQHandler
                0x0800fbe4                SPI2_IRQHandler
                0x0800fbe4                DMA1_Stream0_IRQHandler
                0x0800fbe4                EXTI4_IRQHandler
                0x0800fbe4                WWDG_IRQHandler
                0x0800fbe4                TIM2_IRQHandler
                0x0800fbe4                OTG_FS_WKUP_IRQHandler
                0x0800fbe4                TIM1_TRG_COM_TIM11_IRQHandler
                0x0800fbe4                EXTI1_IRQHandler
                0x0800fbe4                I2C2_ER_IRQHandler
                0x0800fbe4                DMA2_Stream1_IRQHandler
                0x0800fbe4                FLASH_IRQHandler
                0x0800fbe4                DMA2_Stream4_IRQHandler
                0x0800fbe4                USART1_IRQHandler
                0x0800fbe4                OTG_FS_IRQHandler
                0x0800fbe4                SPI3_IRQHandler
                0x0800fbe4                DMA1_Stream4_IRQHandler
                0x0800fbe4                I2C1_ER_IRQHandler
                0x0800fbe4                DMA2_Stream6_IRQHandler
                0x0800fbe4                DMA1_Stream3_IRQHandler
 *fill*         0x0800fbe6        0x2 
 .text.HAL_Init
                0x0800fbe8       0x44 ./Drivers/STM32F4xx_HAL_Driver/Src/stm32f4xx_hal.o
                0x0800fbe8                HAL_Init
 .text.HAL_InitTick
                0x0800fc2c       0x60 ./Drivers/STM32F4xx_HAL_Driver/Src/stm32f4xx_hal.o
                0x0800fc2c                HAL_InitTick
 .text.HAL_IncTick
                0x0800fc8c       0x28 ./Drivers/STM32F4xx_HAL_Driver/Src/stm32f4xx_hal.o
                0x0800fc8c                HAL_IncTick
 .text.HAL_GetTick
                0x0800fcb4       0x18 ./Drivers/STM32F4xx_HAL_Driver/Src/stm32f4xx_hal.o
                0x0800fcb4                HAL_GetTick
 .text.__NVIC_SetPriorityGrouping
                0x0800fccc       0x48 ./Drivers/STM32F4xx_HAL_Driver/Src/stm32f4xx_hal_cortex.o
 .text.__NVIC_GetPriorityGrouping
                0x0800fd14       0x1c ./Drivers/STM32F4xx_HAL_Driver/Src/stm32f4xx_hal_cortex.o
 .text.__NVIC_EnableIRQ
                0x0800fd30       0x3c ./Drivers/STM32F4xx_HAL_Driver/Src/stm32f4xx_hal_cortex.o
 .text.__NVIC_SetPriority
                0x0800fd6c       0x54 ./Drivers/STM32F4xx_HAL_Driver/Src/stm32f4xx_hal_cortex.o
 .text.NVIC_EncodePriority
                0x0800fdc0       0x66 ./Drivers/STM32F4xx_HAL_Driver/Src/stm32f4xx_hal_cortex.o
 *fill*         0x0800fe26        0x2 
 .text.SysTick_Config
                0x0800fe28       0x44 ./Drivers/STM32F4xx_HAL_Driver/Src/stm32f4xx_hal_cortex.o
 .text.HAL_NVIC_SetPriorityGrouping
                0x0800fe6c       0x16 ./Drivers/STM32F4xx_HAL_Driver/Src/stm32f4xx_hal_cortex.o
                0x0800fe6c                HAL_NVIC_SetPriorityGrouping
 .text.HAL_NVIC_SetPriority
                0x0800fe82       0x38 ./Drivers/STM32F4xx_HAL_Driver/Src/stm32f4xx_hal_cortex.o
                0x0800fe82                HAL_NVIC_SetPriority
 .text.HAL_NVIC_EnableIRQ
                0x0800feba       0x1c ./Drivers/STM32F4xx_HAL_Driver/Src/stm32f4xx_hal_cortex.o
                0x0800feba                HAL_NVIC_EnableIRQ
 .text.HAL_SYSTICK_Config
                0x0800fed6       0x18 ./Drivers/STM32F4xx_HAL_Driver/Src/stm32f4xx_hal_cortex.o
                0x0800fed6                HAL_SYSTICK_Config
 *fill*         0x0800feee        0x2 
 .text.HAL_DMA_Init
                0x0800fef0      0x15c ./Drivers/STM32F4xx_HAL_Driver/Src/stm32f4xx_hal_dma.o
                0x0800fef0                HAL_DMA_Init
 .text.HAL_DMA_Abort
                0x0801004c       0xe0 ./Drivers/STM32F4xx_HAL_Driver/Src/stm32f4xx_hal_dma.o
                0x0801004c                HAL_DMA_Abort
 .text.HAL_DMA_Abort_IT
                0x0801012c       0x44 ./Drivers/STM32F4xx_HAL_Driver/Src/stm32f4xx_hal_dma.o
                0x0801012c                HAL_DMA_Abort_IT
 .text.HAL_DMA_IRQHandler
                0x08010170      0x314 ./Drivers/STM32F4xx_HAL_Driver/Src/stm32f4xx_hal_dma.o
                0x08010170                HAL_DMA_IRQHandler
 .text.DMA_CalcBaseAndBitshift
                0x08010484       0x6c ./Drivers/STM32F4xx_HAL_Driver/Src/stm32f4xx_hal_dma.o
 .text.DMA_CheckFifoParam
                0x080104f0       0xf8 ./Drivers/STM32F4xx_HAL_Driver/Src/stm32f4xx_hal_dma.o
 .text.HAL_GPIO_Init
                0x080105e8      0x308 ./Drivers/STM32F4xx_HAL_Driver/Src/stm32f4xx_hal_gpio.o
                0x080105e8                HAL_GPIO_Init
 .text.HAL_RCC_OscConfig
                0x080108f0      0x4f0 ./Drivers/STM32F4xx_HAL_Driver/Src/stm32f4xx_hal_rcc.o
                0x080108f0                HAL_RCC_OscConfig
 .text.HAL_RCC_ClockConfig
                0x08010de0      0x1cc ./Drivers/STM32F4xx_HAL_Driver/Src/stm32f4xx_hal_rcc.o
                0x08010de0                HAL_RCC_ClockConfig
 .text.HAL_RCC_MCOConfig
                0x08010fac       0xd0 ./Drivers/STM32F4xx_HAL_Driver/Src/stm32f4xx_hal_rcc.o
                0x08010fac                HAL_RCC_MCOConfig
 .text.HAL_RCC_GetSysClockFreq
                0x0801107c      0x20c ./Drivers/STM32F4xx_HAL_Driver/Src/stm32f4xx_hal_rcc.o
                0x0801107c                HAL_RCC_GetSysClockFreq
 .text.HAL_RCC_GetHCLKFreq
                0x08011288       0x18 ./Drivers/STM32F4xx_HAL_Driver/Src/stm32f4xx_hal_rcc.o
                0x08011288                HAL_RCC_GetHCLKFreq
 .text.HAL_RCC_GetPCLK1Freq
                0x080112a0       0x28 ./Drivers/STM32F4xx_HAL_Driver/Src/stm32f4xx_hal_rcc.o
                0x080112a0                HAL_RCC_GetPCLK1Freq
 .text.HAL_RCC_GetPCLK2Freq
                0x080112c8       0x28 ./Drivers/STM32F4xx_HAL_Driver/Src/stm32f4xx_hal_rcc.o
                0x080112c8                HAL_RCC_GetPCLK2Freq
 .text.HAL_UART_Init
                0x080112f0       0xa0 ./Drivers/STM32F4xx_HAL_Driver/Src/stm32f4xx_hal_uart.o
                0x080112f0                HAL_UART_Init
 .text.HAL_UART_Transmit
                0x08011390      0x116 ./Drivers/STM32F4xx_HAL_Driver/Src/stm32f4xx_hal_uart.o
                0x08011390                HAL_UART_Transmit
 *fill*         0x080114a6        0x2 
 .text.HAL_UART_IRQHandler
                0x080114a8      0x524 ./Drivers/STM32F4xx_HAL_Driver/Src/stm32f4xx_hal_uart.o
                0x080114a8                HAL_UART_IRQHandler
 .text.HAL_UART_TxCpltCallback
                0x080119cc       0x14 ./Drivers/STM32F4xx_HAL_Driver/Src/stm32f4xx_hal_uart.o
                0x080119cc                HAL_UART_TxCpltCallback
 .text.HAL_UART_RxCpltCallback
                0x080119e0       0x14 ./Drivers/STM32F4xx_HAL_Driver/Src/stm32f4xx_hal_uart.o
                0x080119e0                HAL_UART_RxCpltCallback
 .text.HAL_UART_ErrorCallback
                0x080119f4       0x14 ./Drivers/STM32F4xx_HAL_Driver/Src/stm32f4xx_hal_uart.o
                0x080119f4                HAL_UART_ErrorCallback
 .text.HAL_UARTEx_RxEventCallback
                0x08011a08       0x18 ./Drivers/STM32F4xx_HAL_Driver/Src/stm32f4xx_hal_uart.o
                0x08011a08                HAL_UARTEx_RxEventCallback
 .text.UART_WaitOnFlagUntilTimeout
                0x08011a20       0xb2 ./Drivers/STM32F4xx_HAL_Driver/Src/stm32f4xx_hal_uart.o
 .text.UART_EndRxTransfer
                0x08011ad2       0xc6 ./Drivers/STM32F4xx_HAL_Driver/Src/stm32f4xx_hal_uart.o
 .text.UART_DMAAbortOnError
                0x08011b98       0x28 ./Drivers/STM32F4xx_HAL_Driver/Src/stm32f4xx_hal_uart.o
 .text.UART_Transmit_IT
                0x08011bc0       0xa0 ./Drivers/STM32F4xx_HAL_Driver/Src/stm32f4xx_hal_uart.o
 .text.UART_EndTransmit_IT
                0x08011c60       0x30 ./Drivers/STM32F4xx_HAL_Driver/Src/stm32f4xx_hal_uart.o
 .text.UART_Receive_IT
                0x08011c90      0x17c ./Drivers/STM32F4xx_HAL_Driver/Src/stm32f4xx_hal_uart.o
 .text.UART_SetConfig
                0x08011e0c      0x4e8 ./Drivers/STM32F4xx_HAL_Driver/Src/stm32f4xx_hal_uart.o
 .text.malloc   0x080122f4       0x10 C:/ST/STM32CubeIDE_1.14.1/STM32CubeIDE/plugins/com.st.stm32cube.ide.mcu.externaltools.gnu-tools-for-stm32.12.3.rel1.win32_1.0.200.202406191623/tools/bin/../lib/gcc/arm-none-eabi/12.3.1/../../../../arm-none-eabi/lib/thumb/v7e-m+fp/hard\libc_nano.a(libc_a-malloc.o)
                0x080122f4                malloc
 .text.free     0x08012304       0x10 C:/ST/STM32CubeIDE_1.14.1/STM32CubeIDE/plugins/com.st.stm32cube.ide.mcu.externaltools.gnu-tools-for-stm32.12.3.rel1.win32_1.0.200.202406191623/tools/bin/../lib/gcc/arm-none-eabi/12.3.1/../../../../arm-none-eabi/lib/thumb/v7e-m+fp/hard\libc_nano.a(libc_a-malloc.o)
                0x08012304                free
 .text.sbrk_aligned
                0x08012314       0x44 C:/ST/STM32CubeIDE_1.14.1/STM32CubeIDE/plugins/com.st.stm32cube.ide.mcu.externaltools.gnu-tools-for-stm32.12.3.rel1.win32_1.0.200.202406191623/tools/bin/../lib/gcc/arm-none-eabi/12.3.1/../../../../arm-none-eabi/lib/thumb/v7e-m+fp/hard\libc_nano.a(libc_a-mallocr.o)
 .text._malloc_r
                0x08012358      0x100 C:/ST/STM32CubeIDE_1.14.1/STM32CubeIDE/plugins/com.st.stm32cube.ide.mcu.externaltools.gnu-tools-for-stm32.12.3.rel1.win32_1.0.200.202406191623/tools/bin/../lib/gcc/arm-none-eabi/12.3.1/../../../../arm-none-eabi/lib/thumb/v7e-m+fp/hard\libc_nano.a(libc_a-mallocr.o)
                0x08012358                _malloc_r
 .text.__malloc_lock
                0x08012458        0xc C:/ST/STM32CubeIDE_1.14.1/STM32CubeIDE/plugins/com.st.stm32cube.ide.mcu.externaltools.gnu-tools-for-stm32.12.3.rel1.win32_1.0.200.202406191623/tools/bin/../lib/gcc/arm-none-eabi/12.3.1/../../../../arm-none-eabi/lib/thumb/v7e-m+fp/hard\libc_nano.a(libc_a-mlock.o)
                0x08012458                __malloc_lock
 .text.__malloc_unlock
                0x08012464        0xc C:/ST/STM32CubeIDE_1.14.1/STM32CubeIDE/plugins/com.st.stm32cube.ide.mcu.externaltools.gnu-tools-for-stm32.12.3.rel1.win32_1.0.200.202406191623/tools/bin/../lib/gcc/arm-none-eabi/12.3.1/../../../../arm-none-eabi/lib/thumb/v7e-m+fp/hard\libc_nano.a(libc_a-mlock.o)
                0x08012464                __malloc_unlock
 .text.realloc  0x08012470       0x10 C:/ST/STM32CubeIDE_1.14.1/STM32CubeIDE/plugins/com.st.stm32cube.ide.mcu.externaltools.gnu-tools-for-stm32.12.3.rel1.win32_1.0.200.202406191623/tools/bin/../lib/gcc/arm-none-eabi/12.3.1/../../../../arm-none-eabi/lib/thumb/v7e-m+fp/hard\libc_nano.a(libc_a-realloc.o)
                0x08012470                realloc
 .text._realloc_r
                0x08012480       0x5c C:/ST/STM32CubeIDE_1.14.1/STM32CubeIDE/plugins/com.st.stm32cube.ide.mcu.externaltools.gnu-tools-for-stm32.12.3.rel1.win32_1.0.200.202406191623/tools/bin/../lib/gcc/arm-none-eabi/12.3.1/../../../../arm-none-eabi/lib/thumb/v7e-m+fp/hard\libc_nano.a(libc_a-reallocr.o)
                0x08012480                _realloc_r
 .text.sulp     0x080124dc       0x3c C:/ST/STM32CubeIDE_1.14.1/STM32CubeIDE/plugins/com.st.stm32cube.ide.mcu.externaltools.gnu-tools-for-stm32.12.3.rel1.win32_1.0.200.202406191623/tools/bin/../lib/gcc/arm-none-eabi/12.3.1/../../../../arm-none-eabi/lib/thumb/v7e-m+fp/hard\libc_nano.a(libc_a-strtod.o)
 .text._strtod_l
                0x08012518      0xbc8 C:/ST/STM32CubeIDE_1.14.1/STM32CubeIDE/plugins/com.st.stm32cube.ide.mcu.externaltools.gnu-tools-for-stm32.12.3.rel1.win32_1.0.200.202406191623/tools/bin/../lib/gcc/arm-none-eabi/12.3.1/../../../../arm-none-eabi/lib/thumb/v7e-m+fp/hard\libc_nano.a(libc_a-strtod.o)
                0x08012518                _strtod_l
 .text._strtod_r
                0x080130e0        0xc C:/ST/STM32CubeIDE_1.14.1/STM32CubeIDE/plugins/com.st.stm32cube.ide.mcu.externaltools.gnu-tools-for-stm32.12.3.rel1.win32_1.0.200.202406191623/tools/bin/../lib/gcc/arm-none-eabi/12.3.1/../../../../arm-none-eabi/lib/thumb/v7e-m+fp/hard\libc_nano.a(libc_a-strtod.o)
                0x080130e0                _strtod_r
 .text.strtod   0x080130ec       0x18 C:/ST/STM32CubeIDE_1.14.1/STM32CubeIDE/plugins/com.st.stm32cube.ide.mcu.externaltools.gnu-tools-for-stm32.12.3.rel1.win32_1.0.200.202406191623/tools/bin/../lib/gcc/arm-none-eabi/12.3.1/../../../../arm-none-eabi/lib/thumb/v7e-m+fp/hard\libc_nano.a(libc_a-strtod.o)
                0x080130ec                strtod
 .text.__cvt    0x08013104       0xca C:/ST/STM32CubeIDE_1.14.1/STM32CubeIDE/plugins/com.st.stm32cube.ide.mcu.externaltools.gnu-tools-for-stm32.12.3.rel1.win32_1.0.200.202406191623/tools/bin/../lib/gcc/arm-none-eabi/12.3.1/../../../../arm-none-eabi/lib/thumb/v7e-m+fp/hard\libc_nano.a(libc_a-nano-vfprintf_float.o)
                0x08013104                __cvt
 .text.__exponent
                0x080131ce       0x74 C:/ST/STM32CubeIDE_1.14.1/STM32CubeIDE/plugins/com.st.stm32cube.ide.mcu.externaltools.gnu-tools-for-stm32.12.3.rel1.win32_1.0.200.202406191623/tools/bin/../lib/gcc/arm-none-eabi/12.3.1/../../../../arm-none-eabi/lib/thumb/v7e-m+fp/hard\libc_nano.a(libc_a-nano-vfprintf_float.o)
                0x080131ce                __exponent
 *fill*         0x08013242        0x2 
 .text._printf_float
                0x08013244      0x454 C:/ST/STM32CubeIDE_1.14.1/STM32CubeIDE/plugins/com.st.stm32cube.ide.mcu.externaltools.gnu-tools-for-stm32.12.3.rel1.win32_1.0.200.202406191623/tools/bin/../lib/gcc/arm-none-eabi/12.3.1/../../../../arm-none-eabi/lib/thumb/v7e-m+fp/hard\libc_nano.a(libc_a-nano-vfprintf_float.o)
                0x08013244                _printf_float
 .text._printf_common
                0x08013698       0xda C:/ST/STM32CubeIDE_1.14.1/STM32CubeIDE/plugins/com.st.stm32cube.ide.mcu.externaltools.gnu-tools-for-stm32.12.3.rel1.win32_1.0.200.202406191623/tools/bin/../lib/gcc/arm-none-eabi/12.3.1/../../../../arm-none-eabi/lib/thumb/v7e-m+fp/hard\libc_nano.a(libc_a-nano-vfprintf_i.o)
                0x08013698                _printf_common
 *fill*         0x08013772        0x2 
 .text._printf_i
                0x08013774      0x240 C:/ST/STM32CubeIDE_1.14.1/STM32CubeIDE/plugins/com.st.stm32cube.ide.mcu.externaltools.gnu-tools-for-stm32.12.3.rel1.win32_1.0.200.202406191623/tools/bin/../lib/gcc/arm-none-eabi/12.3.1/../../../../arm-none-eabi/lib/thumb/v7e-m+fp/hard\libc_nano.a(libc_a-nano-vfprintf_i.o)
                0x08013774                _printf_i
 .text._scanf_float
                0x080139b4      0x428 C:/ST/STM32CubeIDE_1.14.1/STM32CubeIDE/plugins/com.st.stm32cube.ide.mcu.externaltools.gnu-tools-for-stm32.12.3.rel1.win32_1.0.200.202406191623/tools/bin/../lib/gcc/arm-none-eabi/12.3.1/../../../../arm-none-eabi/lib/thumb/v7e-m+fp/hard\libc_nano.a(libc_a-nano-vfscanf_float.o)
                0x080139b4                _scanf_float
 .text._fclose_r
                0x08013ddc       0xaa C:/ST/STM32CubeIDE_1.14.1/STM32CubeIDE/plugins/com.st.stm32cube.ide.mcu.externaltools.gnu-tools-for-stm32.12.3.rel1.win32_1.0.200.202406191623/tools/bin/../lib/gcc/arm-none-eabi/12.3.1/../../../../arm-none-eabi/lib/thumb/v7e-m+fp/hard\libc_nano.a(libc_a-fclose.o)
                0x08013ddc                _fclose_r
 *fill*         0x08013e86        0x2 
 .text.fclose   0x08013e88       0x10 C:/ST/STM32CubeIDE_1.14.1/STM32CubeIDE/plugins/com.st.stm32cube.ide.mcu.externaltools.gnu-tools-for-stm32.12.3.rel1.win32_1.0.200.202406191623/tools/bin/../lib/gcc/arm-none-eabi/12.3.1/../../../../arm-none-eabi/lib/thumb/v7e-m+fp/hard\libc_nano.a(libc_a-fclose.o)
                0x08013e88                fclose
 .text.__sflush_r
                0x08013e98      0x108 C:/ST/STM32CubeIDE_1.14.1/STM32CubeIDE/plugins/com.st.stm32cube.ide.mcu.externaltools.gnu-tools-for-stm32.12.3.rel1.win32_1.0.200.202406191623/tools/bin/../lib/gcc/arm-none-eabi/12.3.1/../../../../arm-none-eabi/lib/thumb/v7e-m+fp/hard\libc_nano.a(libc_a-fflush.o)
                0x08013e98                __sflush_r
 .text._fflush_r
                0x08013fa0       0x50 C:/ST/STM32CubeIDE_1.14.1/STM32CubeIDE/plugins/com.st.stm32cube.ide.mcu.externaltools.gnu-tools-for-stm32.12.3.rel1.win32_1.0.200.202406191623/tools/bin/../lib/gcc/arm-none-eabi/12.3.1/../../../../arm-none-eabi/lib/thumb/v7e-m+fp/hard\libc_nano.a(libc_a-fflush.o)
                0x08013fa0                _fflush_r
 .text.std      0x08013ff0       0x6c C:/ST/STM32CubeIDE_1.14.1/STM32CubeIDE/plugins/com.st.stm32cube.ide.mcu.externaltools.gnu-tools-for-stm32.12.3.rel1.win32_1.0.200.202406191623/tools/bin/../lib/gcc/arm-none-eabi/12.3.1/../../../../arm-none-eabi/lib/thumb/v7e-m+fp/hard\libc_nano.a(libc_a-findfp.o)
 .text.stdio_exit_handler
                0x0801405c       0x18 C:/ST/STM32CubeIDE_1.14.1/STM32CubeIDE/plugins/com.st.stm32cube.ide.mcu.externaltools.gnu-tools-for-stm32.12.3.rel1.win32_1.0.200.202406191623/tools/bin/../lib/gcc/arm-none-eabi/12.3.1/../../../../arm-none-eabi/lib/thumb/v7e-m+fp/hard\libc_nano.a(libc_a-findfp.o)
 .text.cleanup_stdio
                0x08014074       0x40 C:/ST/STM32CubeIDE_1.14.1/STM32CubeIDE/plugins/com.st.stm32cube.ide.mcu.externaltools.gnu-tools-for-stm32.12.3.rel1.win32_1.0.200.202406191623/tools/bin/../lib/gcc/arm-none-eabi/12.3.1/../../../../arm-none-eabi/lib/thumb/v7e-m+fp/hard\libc_nano.a(libc_a-findfp.o)
 .text.global_stdio_init.part.0
                0x080140b4       0x3c C:/ST/STM32CubeIDE_1.14.1/STM32CubeIDE/plugins/com.st.stm32cube.ide.mcu.externaltools.gnu-tools-for-stm32.12.3.rel1.win32_1.0.200.202406191623/tools/bin/../lib/gcc/arm-none-eabi/12.3.1/../../../../arm-none-eabi/lib/thumb/v7e-m+fp/hard\libc_nano.a(libc_a-findfp.o)
 .text.__sfp_lock_acquire
                0x080140f0        0xc C:/ST/STM32CubeIDE_1.14.1/STM32CubeIDE/plugins/com.st.stm32cube.ide.mcu.externaltools.gnu-tools-for-stm32.12.3.rel1.win32_1.0.200.202406191623/tools/bin/../lib/gcc/arm-none-eabi/12.3.1/../../../../arm-none-eabi/lib/thumb/v7e-m+fp/hard\libc_nano.a(libc_a-findfp.o)
                0x080140f0                __sfp_lock_acquire
 .text.__sfp_lock_release
                0x080140fc        0xc C:/ST/STM32CubeIDE_1.14.1/STM32CubeIDE/plugins/com.st.stm32cube.ide.mcu.externaltools.gnu-tools-for-stm32.12.3.rel1.win32_1.0.200.202406191623/tools/bin/../lib/gcc/arm-none-eabi/12.3.1/../../../../arm-none-eabi/lib/thumb/v7e-m+fp/hard\libc_nano.a(libc_a-findfp.o)
                0x080140fc                __sfp_lock_release
 .text.__sfp    0x08014108       0xa4 C:/ST/STM32CubeIDE_1.14.1/STM32CubeIDE/plugins/com.st.stm32cube.ide.mcu.externaltools.gnu-tools-for-stm32.12.3.rel1.win32_1.0.200.202406191623/tools/bin/../lib/gcc/arm-none-eabi/12.3.1/../../../../arm-none-eabi/lib/thumb/v7e-m+fp/hard\libc_nano.a(libc_a-findfp.o)
                0x08014108                __sfp
 .text.__sinit  0x080141ac       0x30 C:/ST/STM32CubeIDE_1.14.1/STM32CubeIDE/plugins/com.st.stm32cube.ide.mcu.externaltools.gnu-tools-for-stm32.12.3.rel1.win32_1.0.200.202406191623/tools/bin/../lib/gcc/arm-none-eabi/12.3.1/../../../../arm-none-eabi/lib/thumb/v7e-m+fp/hard\libc_nano.a(libc_a-findfp.o)
                0x080141ac                __sinit
 .text._fopen_r
                0x080141dc       0xa8 C:/ST/STM32CubeIDE_1.14.1/STM32CubeIDE/plugins/com.st.stm32cube.ide.mcu.externaltools.gnu-tools-for-stm32.12.3.rel1.win32_1.0.200.202406191623/tools/bin/../lib/gcc/arm-none-eabi/12.3.1/../../../../arm-none-eabi/lib/thumb/v7e-m+fp/hard\libc_nano.a(libc_a-fopen.o)
                0x080141dc                _fopen_r
 .text.fopen    0x08014284       0x10 C:/ST/STM32CubeIDE_1.14.1/STM32CubeIDE/plugins/com.st.stm32cube.ide.mcu.externaltools.gnu-tools-for-stm32.12.3.rel1.win32_1.0.200.202406191623/tools/bin/../lib/gcc/arm-none-eabi/12.3.1/../../../../arm-none-eabi/lib/thumb/v7e-m+fp/hard\libc_nano.a(libc_a-fopen.o)
                0x08014284                fopen
 .text._fread_r
                0x08014294       0xb8 C:/ST/STM32CubeIDE_1.14.1/STM32CubeIDE/plugins/com.st.stm32cube.ide.mcu.externaltools.gnu-tools-for-stm32.12.3.rel1.win32_1.0.200.202406191623/tools/bin/../lib/gcc/arm-none-eabi/12.3.1/../../../../arm-none-eabi/lib/thumb/v7e-m+fp/hard\libc_nano.a(libc_a-fread.o)
                0x08014294                _fread_r
 .text.fread    0x0801434c       0x1c C:/ST/STM32CubeIDE_1.14.1/STM32CubeIDE/plugins/com.st.stm32cube.ide.mcu.externaltools.gnu-tools-for-stm32.12.3.rel1.win32_1.0.200.202406191623/tools/bin/../lib/gcc/arm-none-eabi/12.3.1/../../../../arm-none-eabi/lib/thumb/v7e-m+fp/hard\libc_nano.a(libc_a-fread.o)
                0x0801434c                fread
 .text._fseek_r
                0x08014368        0x4 C:/ST/STM32CubeIDE_1.14.1/STM32CubeIDE/plugins/com.st.stm32cube.ide.mcu.externaltools.gnu-tools-for-stm32.12.3.rel1.win32_1.0.200.202406191623/tools/bin/../lib/gcc/arm-none-eabi/12.3.1/../../../../arm-none-eabi/lib/thumb/v7e-m+fp/hard\libc_nano.a(libc_a-fseek.o)
                0x08014368                _fseek_r
 .text.fseek    0x0801436c       0x14 C:/ST/STM32CubeIDE_1.14.1/STM32CubeIDE/plugins/com.st.stm32cube.ide.mcu.externaltools.gnu-tools-for-stm32.12.3.rel1.win32_1.0.200.202406191623/tools/bin/../lib/gcc/arm-none-eabi/12.3.1/../../../../arm-none-eabi/lib/thumb/v7e-m+fp/hard\libc_nano.a(libc_a-fseek.o)
                0x0801436c                fseek
 .text.ftell    0x08014380       0x10 C:/ST/STM32CubeIDE_1.14.1/STM32CubeIDE/plugins/com.st.stm32cube.ide.mcu.externaltools.gnu-tools-for-stm32.12.3.rel1.win32_1.0.200.202406191623/tools/bin/../lib/gcc/arm-none-eabi/12.3.1/../../../../arm-none-eabi/lib/thumb/v7e-m+fp/hard\libc_nano.a(libc_a-ftell.o)
                0x08014380                ftell
 .text._fwalk_sglue
                0x08014390       0x3c C:/ST/STM32CubeIDE_1.14.1/STM32CubeIDE/plugins/com.st.stm32cube.ide.mcu.externaltools.gnu-tools-for-stm32.12.3.rel1.win32_1.0.200.202406191623/tools/bin/../lib/gcc/arm-none-eabi/12.3.1/../../../../arm-none-eabi/lib/thumb/v7e-m+fp/hard\libc_nano.a(libc_a-fwalk.o)
                0x08014390                _fwalk_sglue
 .text.lflush   0x080143cc       0x1c C:/ST/STM32CubeIDE_1.14.1/STM32CubeIDE/plugins/com.st.stm32cube.ide.mcu.externaltools.gnu-tools-for-stm32.12.3.rel1.win32_1.0.200.202406191623/tools/bin/../lib/gcc/arm-none-eabi/12.3.1/../../../../arm-none-eabi/lib/thumb/v7e-m+fp/hard\libc_nano.a(libc_a-refill.o)
 .text.__srefill_r
                0x080143e8       0xe8 C:/ST/STM32CubeIDE_1.14.1/STM32CubeIDE/plugins/com.st.stm32cube.ide.mcu.externaltools.gnu-tools-for-stm32.12.3.rel1.win32_1.0.200.202406191623/tools/bin/../lib/gcc/arm-none-eabi/12.3.1/../../../../arm-none-eabi/lib/thumb/v7e-m+fp/hard\libc_nano.a(libc_a-refill.o)
                0x080143e8                __srefill_r
 .text.sprintf  0x080144d0       0x40 C:/ST/STM32CubeIDE_1.14.1/STM32CubeIDE/plugins/com.st.stm32cube.ide.mcu.externaltools.gnu-tools-for-stm32.12.3.rel1.win32_1.0.200.202406191623/tools/bin/../lib/gcc/arm-none-eabi/12.3.1/../../../../arm-none-eabi/lib/thumb/v7e-m+fp/hard\libc_nano.a(libc_a-sprintf.o)
                0x080144d0                siprintf
                0x080144d0                sprintf
 .text.__sread  0x08014510       0x22 C:/ST/STM32CubeIDE_1.14.1/STM32CubeIDE/plugins/com.st.stm32cube.ide.mcu.externaltools.gnu-tools-for-stm32.12.3.rel1.win32_1.0.200.202406191623/tools/bin/../lib/gcc/arm-none-eabi/12.3.1/../../../../arm-none-eabi/lib/thumb/v7e-m+fp/hard\libc_nano.a(libc_a-stdio.o)
                0x08014510                __sread
 .text.__swrite
                0x08014532       0x38 C:/ST/STM32CubeIDE_1.14.1/STM32CubeIDE/plugins/com.st.stm32cube.ide.mcu.externaltools.gnu-tools-for-stm32.12.3.rel1.win32_1.0.200.202406191623/tools/bin/../lib/gcc/arm-none-eabi/12.3.1/../../../../arm-none-eabi/lib/thumb/v7e-m+fp/hard\libc_nano.a(libc_a-stdio.o)
                0x08014532                __swrite
 .text.__sseek  0x0801456a       0x24 C:/ST/STM32CubeIDE_1.14.1/STM32CubeIDE/plugins/com.st.stm32cube.ide.mcu.externaltools.gnu-tools-for-stm32.12.3.rel1.win32_1.0.200.202406191623/tools/bin/../lib/gcc/arm-none-eabi/12.3.1/../../../../arm-none-eabi/lib/thumb/v7e-m+fp/hard\libc_nano.a(libc_a-stdio.o)
                0x0801456a                __sseek
 .text.__sclose
                0x0801458e        0x8 C:/ST/STM32CubeIDE_1.14.1/STM32CubeIDE/plugins/com.st.stm32cube.ide.mcu.externaltools.gnu-tools-for-stm32.12.3.rel1.win32_1.0.200.202406191623/tools/bin/../lib/gcc/arm-none-eabi/12.3.1/../../../../arm-none-eabi/lib/thumb/v7e-m+fp/hard\libc_nano.a(libc_a-stdio.o)
                0x0801458e                __sclose
 .text.__swbuf_r
                0x08014596       0x7c C:/ST/STM32CubeIDE_1.14.1/STM32CubeIDE/plugins/com.st.stm32cube.ide.mcu.externaltools.gnu-tools-for-stm32.12.3.rel1.win32_1.0.200.202406191623/tools/bin/../lib/gcc/arm-none-eabi/12.3.1/../../../../arm-none-eabi/lib/thumb/v7e-m+fp/hard\libc_nano.a(libc_a-wbuf.o)
                0x08014596                __swbuf_r
 *fill*         0x08014612        0x2 
 .text.__swsetup_r
                0x08014614       0xac C:/ST/STM32CubeIDE_1.14.1/STM32CubeIDE/plugins/com.st.stm32cube.ide.mcu.externaltools.gnu-tools-for-stm32.12.3.rel1.win32_1.0.200.202406191623/tools/bin/../lib/gcc/arm-none-eabi/12.3.1/../../../../arm-none-eabi/lib/thumb/v7e-m+fp/hard\libc_nano.a(libc_a-wsetup.o)
                0x08014614                __swsetup_r
 .text._fseeko_r
                0x080146c0      0x12e C:/ST/STM32CubeIDE_1.14.1/STM32CubeIDE/plugins/com.st.stm32cube.ide.mcu.externaltools.gnu-tools-for-stm32.12.3.rel1.win32_1.0.200.202406191623/tools/bin/../lib/gcc/arm-none-eabi/12.3.1/../../../../arm-none-eabi/lib/thumb/v7e-m+fp/hard\libc_nano.a(libc_a-fseeko.o)
                0x080146c0                _fseeko_r
 .text._ftello_r
                0x080147ee       0xb6 C:/ST/STM32CubeIDE_1.14.1/STM32CubeIDE/plugins/com.st.stm32cube.ide.mcu.externaltools.gnu-tools-for-stm32.12.3.rel1.win32_1.0.200.202406191623/tools/bin/../lib/gcc/arm-none-eabi/12.3.1/../../../../arm-none-eabi/lib/thumb/v7e-m+fp/hard\libc_nano.a(libc_a-ftello.o)
                0x080147ee                _ftello_r
 .text.memcmp   0x080148a4       0x20 C:/ST/STM32CubeIDE_1.14.1/STM32CubeIDE/plugins/com.st.stm32cube.ide.mcu.externaltools.gnu-tools-for-stm32.12.3.rel1.win32_1.0.200.202406191623/tools/bin/../lib/gcc/arm-none-eabi/12.3.1/../../../../arm-none-eabi/lib/thumb/v7e-m+fp/hard\libc_nano.a(libc_a-memcmp.o)
                0x080148a4                memcmp
 .text.memset   0x080148c4       0x10 C:/ST/STM32CubeIDE_1.14.1/STM32CubeIDE/plugins/com.st.stm32cube.ide.mcu.externaltools.gnu-tools-for-stm32.12.3.rel1.win32_1.0.200.202406191623/tools/bin/../lib/gcc/arm-none-eabi/12.3.1/../../../../arm-none-eabi/lib/thumb/v7e-m+fp/hard\libc_nano.a(libc_a-memset.o)
                0x080148c4                memset
 .text.strncmp  0x080148d4       0x24 C:/ST/STM32CubeIDE_1.14.1/STM32CubeIDE/plugins/com.st.stm32cube.ide.mcu.externaltools.gnu-tools-for-stm32.12.3.rel1.win32_1.0.200.202406191623/tools/bin/../lib/gcc/arm-none-eabi/12.3.1/../../../../arm-none-eabi/lib/thumb/v7e-m+fp/hard\libc_nano.a(libc_a-strncmp.o)
                0x080148d4                strncmp
 .text._localeconv_r
                0x080148f8        0x8 C:/ST/STM32CubeIDE_1.14.1/STM32CubeIDE/plugins/com.st.stm32cube.ide.mcu.externaltools.gnu-tools-for-stm32.12.3.rel1.win32_1.0.200.202406191623/tools/bin/../lib/gcc/arm-none-eabi/12.3.1/../../../../arm-none-eabi/lib/thumb/v7e-m+fp/hard\libc_nano.a(libc_a-localeconv.o)
                0x080148f8                _localeconv_r
 .text._close_r
                0x08014900       0x20 C:/ST/STM32CubeIDE_1.14.1/STM32CubeIDE/plugins/com.st.stm32cube.ide.mcu.externaltools.gnu-tools-for-stm32.12.3.rel1.win32_1.0.200.202406191623/tools/bin/../lib/gcc/arm-none-eabi/12.3.1/../../../../arm-none-eabi/lib/thumb/v7e-m+fp/hard\libc_nano.a(libc_a-closer.o)
                0x08014900                _close_r
 .text._lseek_r
                0x08014920       0x24 C:/ST/STM32CubeIDE_1.14.1/STM32CubeIDE/plugins/com.st.stm32cube.ide.mcu.externaltools.gnu-tools-for-stm32.12.3.rel1.win32_1.0.200.202406191623/tools/bin/../lib/gcc/arm-none-eabi/12.3.1/../../../../arm-none-eabi/lib/thumb/v7e-m+fp/hard\libc_nano.a(libc_a-lseekr.o)
                0x08014920                _lseek_r
 .text._open_r  0x08014944       0x24 C:/ST/STM32CubeIDE_1.14.1/STM32CubeIDE/plugins/com.st.stm32cube.ide.mcu.externaltools.gnu-tools-for-stm32.12.3.rel1.win32_1.0.200.202406191623/tools/bin/../lib/gcc/arm-none-eabi/12.3.1/../../../../arm-none-eabi/lib/thumb/v7e-m+fp/hard\libc_nano.a(libc_a-openr.o)
                0x08014944                _open_r
 .text._read_r  0x08014968       0x24 C:/ST/STM32CubeIDE_1.14.1/STM32CubeIDE/plugins/com.st.stm32cube.ide.mcu.externaltools.gnu-tools-for-stm32.12.3.rel1.win32_1.0.200.202406191623/tools/bin/../lib/gcc/arm-none-eabi/12.3.1/../../../../arm-none-eabi/lib/thumb/v7e-m+fp/hard\libc_nano.a(libc_a-readr.o)
                0x08014968                _read_r
 .text._sbrk_r  0x0801498c       0x20 C:/ST/STM32CubeIDE_1.14.1/STM32CubeIDE/plugins/com.st.stm32cube.ide.mcu.externaltools.gnu-tools-for-stm32.12.3.rel1.win32_1.0.200.202406191623/tools/bin/../lib/gcc/arm-none-eabi/12.3.1/../../../../arm-none-eabi/lib/thumb/v7e-m+fp/hard\libc_nano.a(libc_a-sbrkr.o)
                0x0801498c                _sbrk_r
 .text._write_r
                0x080149ac       0x24 C:/ST/STM32CubeIDE_1.14.1/STM32CubeIDE/plugins/com.st.stm32cube.ide.mcu.externaltools.gnu-tools-for-stm32.12.3.rel1.win32_1.0.200.202406191623/tools/bin/../lib/gcc/arm-none-eabi/12.3.1/../../../../arm-none-eabi/lib/thumb/v7e-m+fp/hard\libc_nano.a(libc_a-writer.o)
                0x080149ac                _write_r
 .text.__errno  0x080149d0        0xc C:/ST/STM32CubeIDE_1.14.1/STM32CubeIDE/plugins/com.st.stm32cube.ide.mcu.externaltools.gnu-tools-for-stm32.12.3.rel1.win32_1.0.200.202406191623/tools/bin/../lib/gcc/arm-none-eabi/12.3.1/../../../../arm-none-eabi/lib/thumb/v7e-m+fp/hard\libc_nano.a(libc_a-errno.o)
                0x080149d0                __errno
 .text.__libc_init_array
                0x080149dc       0x48 C:/ST/STM32CubeIDE_1.14.1/STM32CubeIDE/plugins/com.st.stm32cube.ide.mcu.externaltools.gnu-tools-for-stm32.12.3.rel1.win32_1.0.200.202406191623/tools/bin/../lib/gcc/arm-none-eabi/12.3.1/../../../../arm-none-eabi/lib/thumb/v7e-m+fp/hard\libc_nano.a(libc_a-init.o)
                0x080149dc                __libc_init_array
 .text.__retarget_lock_init_recursive
                0x08014a24        0x2 C:/ST/STM32CubeIDE_1.14.1/STM32CubeIDE/plugins/com.st.stm32cube.ide.mcu.externaltools.gnu-tools-for-stm32.12.3.rel1.win32_1.0.200.202406191623/tools/bin/../lib/gcc/arm-none-eabi/12.3.1/../../../../arm-none-eabi/lib/thumb/v7e-m+fp/hard\libc_nano.a(libc_a-lock.o)
                0x08014a24                __retarget_lock_init_recursive
 .text.__retarget_lock_close_recursive
                0x08014a26        0x2 C:/ST/STM32CubeIDE_1.14.1/STM32CubeIDE/plugins/com.st.stm32cube.ide.mcu.externaltools.gnu-tools-for-stm32.12.3.rel1.win32_1.0.200.202406191623/tools/bin/../lib/gcc/arm-none-eabi/12.3.1/../../../../arm-none-eabi/lib/thumb/v7e-m+fp/hard\libc_nano.a(libc_a-lock.o)
                0x08014a26                __retarget_lock_close_recursive
 .text.__retarget_lock_acquire_recursive
                0x08014a28        0x2 C:/ST/STM32CubeIDE_1.14.1/STM32CubeIDE/plugins/com.st.stm32cube.ide.mcu.externaltools.gnu-tools-for-stm32.12.3.rel1.win32_1.0.200.202406191623/tools/bin/../lib/gcc/arm-none-eabi/12.3.1/../../../../arm-none-eabi/lib/thumb/v7e-m+fp/hard\libc_nano.a(libc_a-lock.o)
                0x08014a28                __retarget_lock_acquire_recursive
 .text.__retarget_lock_release_recursive
                0x08014a2a        0x2 C:/ST/STM32CubeIDE_1.14.1/STM32CubeIDE/plugins/com.st.stm32cube.ide.mcu.externaltools.gnu-tools-for-stm32.12.3.rel1.win32_1.0.200.202406191623/tools/bin/../lib/gcc/arm-none-eabi/12.3.1/../../../../arm-none-eabi/lib/thumb/v7e-m+fp/hard\libc_nano.a(libc_a-lock.o)
                0x08014a2a                __retarget_lock_release_recursive
 .text.memcpy   0x08014a2c       0x1c C:/ST/STM32CubeIDE_1.14.1/STM32CubeIDE/plugins/com.st.stm32cube.ide.mcu.externaltools.gnu-tools-for-stm32.12.3.rel1.win32_1.0.200.202406191623/tools/bin/../lib/gcc/arm-none-eabi/12.3.1/../../../../arm-none-eabi/lib/thumb/v7e-m+fp/hard\libc_nano.a(libc_a-memcpy-stub.o)
                0x08014a2c                memcpy
 .text.nan      0x08014a48       0x10 C:/ST/STM32CubeIDE_1.14.1/STM32CubeIDE/plugins/com.st.stm32cube.ide.mcu.externaltools.gnu-tools-for-stm32.12.3.rel1.win32_1.0.200.202406191623/tools/bin/../lib/gcc/arm-none-eabi/12.3.1/../../../../arm-none-eabi/lib/thumb/v7e-m+fp/hard\libc_nano.a(libm_a-s_nan.o)
                0x08014a48                nan
 .text.nanf     0x08014a58        0xc C:/ST/STM32CubeIDE_1.14.1/STM32CubeIDE/plugins/com.st.stm32cube.ide.mcu.externaltools.gnu-tools-for-stm32.12.3.rel1.win32_1.0.200.202406191623/tools/bin/../lib/gcc/arm-none-eabi/12.3.1/../../../../arm-none-eabi/lib/thumb/v7e-m+fp/hard\libc_nano.a(libm_a-sf_nan.o)
                0x08014a58                nanf
 .text.quorem   0x08014a64      0x110 C:/ST/STM32CubeIDE_1.14.1/STM32CubeIDE/plugins/com.st.stm32cube.ide.mcu.externaltools.gnu-tools-for-stm32.12.3.rel1.win32_1.0.200.202406191623/tools/bin/../lib/gcc/arm-none-eabi/12.3.1/../../../../arm-none-eabi/lib/thumb/v7e-m+fp/hard\libc_nano.a(libc_a-dtoa.o)
 *fill*         0x08014b74        0x4 
 .text._dtoa_r  0x08014b78      0xb88 C:/ST/STM32CubeIDE_1.14.1/STM32CubeIDE/plugins/com.st.stm32cube.ide.mcu.externaltools.gnu-tools-for-stm32.12.3.rel1.win32_1.0.200.202406191623/tools/bin/../lib/gcc/arm-none-eabi/12.3.1/../../../../arm-none-eabi/lib/thumb/v7e-m+fp/hard\libc_nano.a(libc_a-dtoa.o)
                0x08014b78                _dtoa_r
 .text._free_r  0x08015700       0x94 C:/ST/STM32CubeIDE_1.14.1/STM32CubeIDE/plugins/com.st.stm32cube.ide.mcu.externaltools.gnu-tools-for-stm32.12.3.rel1.win32_1.0.200.202406191623/tools/bin/../lib/gcc/arm-none-eabi/12.3.1/../../../../arm-none-eabi/lib/thumb/v7e-m+fp/hard\libc_nano.a(libc_a-freer.o)
                0x08015700                _free_r
 .text.rshift   0x08015794       0xa4 C:/ST/STM32CubeIDE_1.14.1/STM32CubeIDE/plugins/com.st.stm32cube.ide.mcu.externaltools.gnu-tools-for-stm32.12.3.rel1.win32_1.0.200.202406191623/tools/bin/../lib/gcc/arm-none-eabi/12.3.1/../../../../arm-none-eabi/lib/thumb/v7e-m+fp/hard\libc_nano.a(libc_a-gdtoa-gethex.o)
 .text.__hexdig_fun
                0x08015838       0x2a C:/ST/STM32CubeIDE_1.14.1/STM32CubeIDE/plugins/com.st.stm32cube.ide.mcu.externaltools.gnu-tools-for-stm32.12.3.rel1.win32_1.0.200.202406191623/tools/bin/../lib/gcc/arm-none-eabi/12.3.1/../../../../arm-none-eabi/lib/thumb/v7e-m+fp/hard\libc_nano.a(libc_a-gdtoa-gethex.o)
                0x08015838                __hexdig_fun
 *fill*         0x08015862        0x2 
 .text.__gethex
                0x08015864      0x420 C:/ST/STM32CubeIDE_1.14.1/STM32CubeIDE/plugins/com.st.stm32cube.ide.mcu.externaltools.gnu-tools-for-stm32.12.3.rel1.win32_1.0.200.202406191623/tools/bin/../lib/gcc/arm-none-eabi/12.3.1/../../../../arm-none-eabi/lib/thumb/v7e-m+fp/hard\libc_nano.a(libc_a-gdtoa-gethex.o)
                0x08015864                __gethex
 .text.L_shift  0x08015c84       0x24 C:/ST/STM32CubeIDE_1.14.1/STM32CubeIDE/plugins/com.st.stm32cube.ide.mcu.externaltools.gnu-tools-for-stm32.12.3.rel1.win32_1.0.200.202406191623/tools/bin/../lib/gcc/arm-none-eabi/12.3.1/../../../../arm-none-eabi/lib/thumb/v7e-m+fp/hard\libc_nano.a(libc_a-gdtoa-hexnan.o)
 .text.__match  0x08015ca8       0x28 C:/ST/STM32CubeIDE_1.14.1/STM32CubeIDE/plugins/com.st.stm32cube.ide.mcu.externaltools.gnu-tools-for-stm32.12.3.rel1.win32_1.0.200.202406191623/tools/bin/../lib/gcc/arm-none-eabi/12.3.1/../../../../arm-none-eabi/lib/thumb/v7e-m+fp/hard\libc_nano.a(libc_a-gdtoa-hexnan.o)
                0x08015ca8                __match
 .text.__hexnan
                0x08015cd0      0x136 C:/ST/STM32CubeIDE_1.14.1/STM32CubeIDE/plugins/com.st.stm32cube.ide.mcu.externaltools.gnu-tools-for-stm32.12.3.rel1.win32_1.0.200.202406191623/tools/bin/../lib/gcc/arm-none-eabi/12.3.1/../../../../arm-none-eabi/lib/thumb/v7e-m+fp/hard\libc_nano.a(libc_a-gdtoa-hexnan.o)
                0x08015cd0                __hexnan
 .text.__ascii_mbtowc
                0x08015e06       0x24 C:/ST/STM32CubeIDE_1.14.1/STM32CubeIDE/plugins/com.st.stm32cube.ide.mcu.externaltools.gnu-tools-for-stm32.12.3.rel1.win32_1.0.200.202406191623/tools/bin/../lib/gcc/arm-none-eabi/12.3.1/../../../../arm-none-eabi/lib/thumb/v7e-m+fp/hard\libc_nano.a(libc_a-mbtowc_r.o)
                0x08015e06                __ascii_mbtowc
 *fill*         0x08015e2a        0x2 
 .text._Balloc  0x08015e2c       0x80 C:/ST/STM32CubeIDE_1.14.1/STM32CubeIDE/plugins/com.st.stm32cube.ide.mcu.externaltools.gnu-tools-for-stm32.12.3.rel1.win32_1.0.200.202406191623/tools/bin/../lib/gcc/arm-none-eabi/12.3.1/../../../../arm-none-eabi/lib/thumb/v7e-m+fp/hard\libc_nano.a(libc_a-mprec.o)
                0x08015e2c                _Balloc
 .text._Bfree   0x08015eac       0x44 C:/ST/STM32CubeIDE_1.14.1/STM32CubeIDE/plugins/com.st.stm32cube.ide.mcu.externaltools.gnu-tools-for-stm32.12.3.rel1.win32_1.0.200.202406191623/tools/bin/../lib/gcc/arm-none-eabi/12.3.1/../../../../arm-none-eabi/lib/thumb/v7e-m+fp/hard\libc_nano.a(libc_a-mprec.o)
                0x08015eac                _Bfree
 .text.__multadd
                0x08015ef0       0x8c C:/ST/STM32CubeIDE_1.14.1/STM32CubeIDE/plugins/com.st.stm32cube.ide.mcu.externaltools.gnu-tools-for-stm32.12.3.rel1.win32_1.0.200.202406191623/tools/bin/../lib/gcc/arm-none-eabi/12.3.1/../../../../arm-none-eabi/lib/thumb/v7e-m+fp/hard\libc_nano.a(libc_a-mprec.o)
                0x08015ef0                __multadd
 .text.__s2b    0x08015f7c       0x94 C:/ST/STM32CubeIDE_1.14.1/STM32CubeIDE/plugins/com.st.stm32cube.ide.mcu.externaltools.gnu-tools-for-stm32.12.3.rel1.win32_1.0.200.202406191623/tools/bin/../lib/gcc/arm-none-eabi/12.3.1/../../../../arm-none-eabi/lib/thumb/v7e-m+fp/hard\libc_nano.a(libc_a-mprec.o)
                0x08015f7c                __s2b
 .text.__hi0bits
                0x08016010       0x3e C:/ST/STM32CubeIDE_1.14.1/STM32CubeIDE/plugins/com.st.stm32cube.ide.mcu.externaltools.gnu-tools-for-stm32.12.3.rel1.win32_1.0.200.202406191623/tools/bin/../lib/gcc/arm-none-eabi/12.3.1/../../../../arm-none-eabi/lib/thumb/v7e-m+fp/hard\libc_nano.a(libc_a-mprec.o)
                0x08016010                __hi0bits
 .text.__lo0bits
                0x0801604e       0x5a C:/ST/STM32CubeIDE_1.14.1/STM32CubeIDE/plugins/com.st.stm32cube.ide.mcu.externaltools.gnu-tools-for-stm32.12.3.rel1.win32_1.0.200.202406191623/tools/bin/../lib/gcc/arm-none-eabi/12.3.1/../../../../arm-none-eabi/lib/thumb/v7e-m+fp/hard\libc_nano.a(libc_a-mprec.o)
                0x0801604e                __lo0bits
 .text.__i2b    0x080160a8       0x2c C:/ST/STM32CubeIDE_1.14.1/STM32CubeIDE/plugins/com.st.stm32cube.ide.mcu.externaltools.gnu-tools-for-stm32.12.3.rel1.win32_1.0.200.202406191623/tools/bin/../lib/gcc/arm-none-eabi/12.3.1/../../../../arm-none-eabi/lib/thumb/v7e-m+fp/hard\libc_nano.a(libc_a-mprec.o)
                0x080160a8                __i2b
 .text.__multiply
                0x080160d4      0x154 C:/ST/STM32CubeIDE_1.14.1/STM32CubeIDE/plugins/com.st.stm32cube.ide.mcu.externaltools.gnu-tools-for-stm32.12.3.rel1.win32_1.0.200.202406191623/tools/bin/../lib/gcc/arm-none-eabi/12.3.1/../../../../arm-none-eabi/lib/thumb/v7e-m+fp/hard\libc_nano.a(libc_a-mprec.o)
                0x080160d4                __multiply
 .text.__pow5mult